Component: ARM Compiler 6.15 Tool: armlink [5dd79300]

==============================================================================

Section Cross References

    startup_stm32f407xx.o(RESET) refers to startup_stm32f407xx.o(STACK) for __initial_sp
    startup_stm32f407xx.o(RESET) refers to startup_stm32f407xx.o(.text) for Reset_Handler
    startup_stm32f407xx.o(RESET) refers to stm32f4xx_it.o(.text.NMI_Handler) for NMI_Handler
    startup_stm32f407xx.o(RESET) refers to stm32f4xx_it.o(.text.HardFault_Handler) for HardFault_Handler
    startup_stm32f407xx.o(RESET) refers to stm32f4xx_it.o(.text.MemManage_Handler) for MemManage_Handler
    startup_stm32f407xx.o(RESET) refers to stm32f4xx_it.o(.text.BusFault_Handler) for BusFault_Handler
    startup_stm32f407xx.o(RESET) refers to stm32f4xx_it.o(.text.UsageFault_Handler) for UsageFault_Handler
    startup_stm32f407xx.o(RESET) refers to port.o(.text.SVC_Handler) for SVC_Handler
    startup_stm32f407xx.o(RESET) refers to stm32f4xx_it.o(.text.DebugMon_Handler) for DebugMon_Handler
    startup_stm32f407xx.o(RESET) refers to port.o(.text.PendSV_Handler) for PendSV_Handler
    startup_stm32f407xx.o(RESET) refers to port.o(.text.SysTick_Handler) for SysTick_Handler
    startup_stm32f407xx.o(RESET) refers to stm32f4xx_it.o(.text.DMA1_Stream1_IRQHandler) for DMA1_Stream1_IRQHandler
    startup_stm32f407xx.o(RESET) refers to stm32f4xx_it.o(.text.CAN1_RX0_IRQHandler) for CAN1_RX0_IRQHandler
    startup_stm32f407xx.o(RESET) refers to stm32f4xx_it.o(.text.USART1_IRQHandler) for USART1_IRQHandler
    startup_stm32f407xx.o(RESET) refers to remote_control.o(.text.USART3_IRQHandler) for USART3_IRQHandler
    startup_stm32f407xx.o(RESET) refers to stm32f4xx_it.o(.text.TIM7_IRQHandler) for TIM7_IRQHandler
    startup_stm32f407xx.o(RESET) refers to stm32f4xx_it.o(.text.DMA2_Stream1_IRQHandler) for DMA2_Stream1_IRQHandler
    startup_stm32f407xx.o(RESET) refers to stm32f4xx_it.o(.text.DMA2_Stream2_IRQHandler) for DMA2_Stream2_IRQHandler
    startup_stm32f407xx.o(RESET) refers to stm32f4xx_it.o(.text.CAN2_RX0_IRQHandler) for CAN2_RX0_IRQHandler
    startup_stm32f407xx.o(RESET) refers to stm32f4xx_it.o(.text.DMA2_Stream6_IRQHandler) for DMA2_Stream6_IRQHandler
    startup_stm32f407xx.o(RESET) refers to stm32f4xx_it.o(.text.DMA2_Stream7_IRQHandler) for DMA2_Stream7_IRQHandler
    startup_stm32f407xx.o(RESET) refers to refereetask_1.o(.text.USART6_IRQHandler) for USART6_IRQHandler
    startup_stm32f407xx.o(.text) refers to system_stm32f4xx.o(.text.SystemInit) for SystemInit
    startup_stm32f407xx.o(.text) refers to entry.o(.ARM.Collect$$$$00000000) for __main
    main.o(.text.main) refers to stm32f4xx_hal.o(.text.HAL_Init) for HAL_Init
    main.o(.text.main) refers to main.o(.text.SystemClock_Config) for SystemClock_Config
    main.o(.text.main) refers to gpio.o(.text.MX_GPIO_Init) for MX_GPIO_Init
    main.o(.text.main) refers to dma.o(.text.MX_DMA_Init) for MX_DMA_Init
    main.o(.text.main) refers to can.o(.text.MX_CAN1_Init) for MX_CAN1_Init
    main.o(.text.main) refers to tim.o(.text.MX_TIM5_Init) for MX_TIM5_Init
    main.o(.text.main) refers to tim.o(.text.MX_TIM10_Init) for MX_TIM10_Init
    main.o(.text.main) refers to can.o(.text.MX_CAN2_Init) for MX_CAN2_Init
    main.o(.text.main) refers to usart.o(.text.MX_USART1_UART_Init) for MX_USART1_UART_Init
    main.o(.text.main) refers to usart.o(.text.MX_USART3_UART_Init) for MX_USART3_UART_Init
    main.o(.text.main) refers to usart.o(.text.MX_USART6_UART_Init) for MX_USART6_UART_Init
    main.o(.text.main) refers to system.o(.text.sys_int) for sys_int
    main.o(.text.main) refers to freertos.o(.text.MX_FREERTOS_Init) for MX_FREERTOS_Init
    main.o(.text.main) refers to cmsis_os.o(.text.osKernelStart) for osKernelStart
    main.o(.ARM.exidx.text.main) refers to main.o(.text.main) for [Anonymous Symbol]
    main.o(.text.SystemClock_Config) refers to memseta.o(.text) for __aeabi_memclr4
    main.o(.text.SystemClock_Config) refers to stm32f4xx_hal_rcc.o(.text.HAL_RCC_OscConfig) for HAL_RCC_OscConfig
    main.o(.text.SystemClock_Config) refers to main.o(.text.Error_Handler) for Error_Handler
    main.o(.text.SystemClock_Config) refers to stm32f4xx_hal_rcc.o(.text.HAL_RCC_ClockConfig) for HAL_RCC_ClockConfig
    main.o(.ARM.exidx.text.SystemClock_Config) refers to main.o(.text.SystemClock_Config) for [Anonymous Symbol]
    main.o(.ARM.exidx.text.Error_Handler) refers to main.o(.text.Error_Handler) for [Anonymous Symbol]
    main.o(.text.HAL_TIM_PeriodElapsedCallback) refers to stm32f4xx_hal.o(.text.HAL_IncTick) for HAL_IncTick
    main.o(.ARM.exidx.text.HAL_TIM_PeriodElapsedCallback) refers to main.o(.text.HAL_TIM_PeriodElapsedCallback) for [Anonymous Symbol]
    gpio.o(.text.MX_GPIO_Init) refers to stm32f4xx_hal_gpio.o(.text.HAL_GPIO_Init) for HAL_GPIO_Init
    gpio.o(.ARM.exidx.text.MX_GPIO_Init) refers to gpio.o(.text.MX_GPIO_Init) for [Anonymous Symbol]
[...]
    .L__const.MX_FREERTOS_Init.os_thread_def_shoot 0x080080d8   Data          28  freertos.o(.rodata..L__const.MX_FREERTOS_Init.os_thread_def_shoot)
    DMA_CalcBaseAndBitshift.flagBitshiftOffset 0x0800820c   Data           8  stm32f4xx_hal_dma.o(.rodata.DMA_CalcBaseAndBitshift.flagBitshiftOffset)
    [Anonymous Symbol]                       0x0800820c   Section        0  stm32f4xx_hal_dma.o(.rodata.DMA_CalcBaseAndBitshift.flagBitshiftOffset)
    .L.str.2                                 0x08008214   Data           3  freertos.o(.rodata.str1.1)
    [Anonymous Symbol]                       0x08008214   Section        0  freertos.o(.rodata.str1.1)
    .L.str.3                                 0x08008217   Data           8  freertos.o(.rodata.str1.1)
    .L.str                                   0x0800821f   Data          12  freertos.o(.rodata.str1.1)
    .L.str.1                                 0x0800822b   Data           6  freertos.o(.rodata.str1.1)
    .L.str                                   0x08008231   Data           5  tasks.o(.rodata.str1.1)
    [Anonymous Symbol]                       0x08008231   Section        0  tasks.o(.rodata.str1.1)
    uxCriticalNesting                        0x20000058   Data           4  port.o(.data.uxCriticalNesting)
    [Anonymous Symbol]                       0x20000058   Section        0  port.o(.data.uxCriticalNesting)
    HAL_CAN_RxFifo0MsgPendingCallback.i      0x200000c8   Data           1  canreceivedecom.o(.bss.HAL_CAN_RxFifo0MsgPendingCallback.i)
    [Anonymous Symbol]                       0x200000c8   Section        0  canreceivedecom.o(.bss.HAL_CAN_RxFifo0MsgPendingCallback.i)
    HAL_RCC_CAN1_CLK_ENABLED                 0x200000cc   Data           4  can.o(.bss.HAL_RCC_CAN1_CLK_ENABLED)
    [Anonymous Symbol]                       0x200000cc   Section        0  can.o(.bss.HAL_RCC_CAN1_CLK_ENABLED)
    USART3_IRQHandler.this_time_rx_len       0x200000e4   Data           2  remote_control.o(.bss.USART3_IRQHandler.this_time_rx_len)
    [Anonymous Symbol]                       0x200000e4   Section        0  remote_control.o(.bss.USART3_IRQHandler.this_time_rx_len)
    USART6_IRQHandler.this_time_rx_len       0x200000e6   Data           2  refereetask_1.o(.bss.USART6_IRQHandler.this_time_rx_len)
    [Anonymous Symbol]                       0x200000e6   Section        0  refereetask_1.o(.bss.USART6_IRQHandler.this_time_rx_len)
    can_send_data_l                          0x20000104   Data           8  bspmotor.o(.bss.can_send_data_l)
    [Anonymous Symbol]                       0x20000104   Section        0  bspmotor.o(.bss.can_send_data_l)
    can_tx_message_2                         0x2000010c   Data          24  bspmotor.o(.bss.can_tx_message_2)
    [Anonymous Symbol]                       0x2000010c   Section        0  bspmotor.o(.bss.can_tx_message_2)
    can_tx_message_3                         0x20000124   Data          24  bspmotor.o(.bss.can_tx_message_3)
    [Anonymous Symbol]                       0x20000124   Section        0  bspmotor.o(.bss.can_tx_message_3)
    can_tx_message_l                         0x2000013c   Data          24  bspmotor.o(.bss.can_tx_message_l)
    [Anonymous Symbol]                       0x2000013c   Section        0  bspmotor.o(.bss.can_tx_message_l)
    pxDelayedTaskList                        0x2000058c   Data           4  tasks.o(.bss.pxDelayedTaskList)
    [Anonymous Symbol]                       0x2000058c   Section        0  tasks.o(.bss.pxDelayedTaskList)
    pxEnd                                    0x20000590   Data           4  heap_4.o(.bss.pxEnd)
    [Anonymous Symbol]                       0x20000590   Section        0  heap_4.o(.bss.pxEnd)
    pxOverflowDelayedTaskList                0x20000594   Data           4  tasks.o(.bss.pxOverflowDelayedTaskList)
    [Anonymous Symbol]                       0x20000594   Section        0  tasks.o(.bss.pxOverflowDelayedTaskList)
    pxReadyTasksLists                        0x20000598   Data         140  tasks.o(.bss.pxReadyTasksLists)
    [Anonymous Symbol]                       0x20000598   Section        0  tasks.o(.bss.pxReadyTasksLists)
    ucHeap                                   0x20000dad   Data       15360  heap_4.o(.bss.ucHeap)
    [Anonymous Symbol]                       0x20000dad   Section        0  heap_4.o(.bss.ucHeap)
    ucMaxSysCallPriority                     0x200049ad   Data           1  port.o(.bss.ucMaxSysCallPriority)
    [Anonymous Symbol]                       0x200049ad   Section        0  port.o(.bss.ucMaxSysCallPriority)
    ulMaxPRIGROUPValue                       0x200049b0   Data           4  port.o(.bss.ulMaxPRIGROUPValue)
    [Anonymous Symbol]                       0x200049b0   Section        0  port.o(.bss.ulMaxPRIGROUPValue)
    uxCurrentNumberOfTasks                   0x20004db8   Data           4  tasks.o(.bss.uxCurrentNumberOfTasks)
    [Anonymous Symbol]                       0x20004db8   Section        0  tasks.o(.bss.uxCurrentNumberOfTasks)
    uxDeletedTasksWaitingCleanUp             0x20004dbc   Data           4  tasks.o(.bss.uxDeletedTasksWaitingCleanUp)
    [Anonymous Symbol]                       0x20004dbc   Section        0  tasks.o(.bss.uxDeletedTasksWaitingCleanUp)
    uxSchedulerSuspended                     0x20004dc0   Data           4  tasks.o(.bss.uxSchedulerSuspended)
    [Anonymous Symbol]                       0x20004dc0   Section        0  tasks.o(.bss.uxSchedulerSuspended)
    uxTaskNumber                             0x20004dc4   Data           4  tasks.o(.bss.uxTaskNumber)
    [Anonymous Symbol]                       0x20004dc4   Section        0  tasks.o(.bss.uxTaskNumber)
    uxTopReadyPriority                       0x20004dc8   Data           4  tasks.o(.bss.uxTopReadyPriority)
    [Anonymous Symbol]                       0x20004dc8   Section        0  tasks.o(.bss.uxTopReadyPriority)
    xBlockAllocatedBit                       0x20004dcc   Data           4  heap_4.o(.bss.xBlockAllocatedBit)
    [Anonymous Symbol]                       0x20004dcc   Section        0  heap_4.o(.bss.xBlockAllocatedBit)
    xDelayedTaskList1                        0x20004dd0   Data          20  tasks.o(.bss.xDelayedTaskList1)
    [Anonymous Symbol]                       0x20004dd0   Section        0  tasks.o(.bss.xDelayedTaskList1)
    xDelayedTaskList2                        0x20004de4   Data          20  tasks.o(.bss.xDelayedTaskList2)
    [Anonymous Symbol]                       0x20004de4   Section        0  tasks.o(.bss.xDelayedTaskList2)
    xFreeBytesRemaining                      0x20004df8   Data           4  heap_4.o(.bss.xFreeBytesRemaining)
    [Anonymous Symbol]                       0x20004df8   Section        0  heap_4.o(.bss.xFreeBytesRemaining)
    xIdleStack                               0x20004dfc   Data         512  freertos.o(.bss.xIdleStack)
    [Anonymous Symbol]                       0x20004dfc   Section        0  freertos.o(.bss.xIdleStack)
    xIdleTaskHandle                          0x20004ffc   Data           4  tasks.o(.bss.xIdleTaskHandle)
    [Anonymous Symbol]                       0x20004ffc   Section        0  tasks.o(.bss.xIdleTaskHandle)
    xIdleTaskTCBBuffer                       0x20005000   Data          84  freertos.o(.bss.xIdleTaskTCBBuffer)
    [Anonymous Symbol]                       0x20005000   Section        0  freertos.o(.bss.xIdleTaskTCBBuffer)
    xMinimumEverFreeBytesRemaining           0x20005054   Data           4  heap_4.o(.bss.xMinimumEverFreeBytesRemaining)
    [Anonymous Symbol]                       0x20005054   Section        0  heap_4.o(.bss.xMinimumEverFreeBytesRemaining)
    xNextTaskUnblockTime                     0x20005058   Data           4  tasks.o(.bss.xNextTaskUnblockTime)
    [Anonymous Symbol]                       0x20005058   Section        0  tasks.o(.bss.xNextTaskUnblockTime)
    xNumOfOverflows                          0x2000505c   Data           4  tasks.o(.bss.xNumOfOverflows)
    [Anonymous Symbol]                       0x2000505c   Section        0  tasks.o(.bss.xNumOfOverflows)
    xNumberOfSuccessfulAllocations           0x20005060   Data           4  heap_4.o(.bss.xNumberOfSuccessfulAllocations)
    [Anonymous Symbol]                       0x20005060   Section        0  heap_4.o(.bss.xNumberOfSuccessfulAllocations)
    xNumberOfSuccessfulFrees                 0x20005064   Data           4  heap_4.o(.bss.xNumberOfSuccessfulFrees)
    [Anonymous Symbol]                       0x20005064   Section        0  heap_4.o(.bss.xNumberOfSuccessfulFrees)
    xPendedTicks                             0x20005068   Data           4  tasks.o(.bss.xPendedTicks)
    [Anonymous Symbol]                       0x20005068   Section        0  tasks.o(.bss.xPendedTicks)
    xPendingReadyList                        0x2000506c   Data          20  tasks.o(.bss.xPendingReadyList)
    [Anonymous Symbol]                       0x2000506c   Section        0  tasks.o(.bss.xPendingReadyList)
    xSchedulerRunning                        0x20005080   Data           4  tasks.o(.bss.xSchedulerRunning)
    [Anonymous Symbol]                       0x20005080   Section        0  tasks.o(.bss.xSchedulerRunning)
    xStart                                   0x20005084   Data           8  heap_4.o(.bss.xStart)
    [Anonymous Symbol]                       0x20005084   Section        0  heap_4.o(.bss.xStart)
    xSuspendedTaskList                       0x2000508c   Data          20  tasks.o(.bss.xSuspendedTaskList)
    [Anonymous Symbol]                       0x2000508c   Section        0  tasks.o(.bss.xSuspendedTaskList)
    xTasksWaitingTermination                 0x200050a0   Data          20  tasks.o(.bss.xTasksWaitingTermination)
    [Anonymous Symbol]                       0x200050a0   Section        0  tasks.o(.bss.xTasksWaitingTermination)
    xTickCount                               0x200050b4   Data           4  tasks.o(.bss.xTickCount)
    [Anonymous Symbol]                       0x200050b4   Section        0  tasks.o(.bss.xTickCount)
    xYieldPending                            0x200050b8   Data           4  tasks.o(.bss.xYieldPending)
    [Anonymous Symbol]                       0x200050b8   Section        0  tasks.o(.bss.xYieldPending)
    STACK                                    0x200050c0   Section     8192  startup_stm32f407xx.o(STACK)

    Global Symbols

    Symbol Name                              Value     Ov Type        Size  Object(Section)

    BuildAttributes$$THM_ISAv4$E$P$D$K$B$S$7EM$VFPi3$EXTD16$VFPS$VFMA$PE$A:L22UL41UL21$X:L11$S22US41US21$IEEE1$IW$~IW$USESV6$~STKCKD$USESV7$~SHL$OSPACE$EBA8$MICROLIB$REQ8$PRES8$EABIv2 0x00000000   Number         0  anon$$obj.o ABSOLUTE
    __cpp_initialize__aeabi_                  - Undefined Weak Reference
    __cxa_finalize                            - Undefined Weak Reference
    __decompress                              - Undefined Weak Reference
    _clock_init                               - Undefined Weak Reference
    _microlib_exit                            - Undefined Weak Reference
    __Vectors_Size                           0x00000188   Number         0  startup_stm32f407xx.o ABSOLUTE
    __Vectors                                0x08000000   Data           4  startup_stm32f407xx.o(RESET)
    __Vectors_End                            0x08000188   Data           0  startup_stm32f407xx.o(RESET)
    __main                                   0x08000189   Thumb Code     0  entry.o(.ARM.Collect$$$$00000000)
    _main_stk                                0x08000189   Thumb Code     0  entry2.o(.ARM.Collect$$$$00000001)
    _main_scatterload                        0x0800018d   Thumb Code     0  entry5.o(.ARM.Collect$$$$00000004)
    __main_after_scatterload                 0x08000191   Thumb Code     0  entry5.o(.ARM.Collect$$$$00000004)
    _main_clock                              0x08000191   Thumb Code     0  entry7b.o(.ARM.Collect$$$$00000008)
    _main_cpp_init                           0x08000191   Thumb Code     0  entry8b.o(.ARM.Collect$$$$0000000A)
    _main_init                               0x08000191   Thumb Code     0  entry9a.o(.ARM.Collect$$$$0000000B)
    __rt_final_cpp                           0x08000199   Thumb Code     0  entry10a.o(.ARM.Collect$$$$0000000D)
    __rt_final_exit                          0x08000199   Thumb Code     0  entry11a.o(.ARM.Collect$$$$0000000F)
    Reset_Handler                            0x0800019d   Thumb Code     8  startup_stm32f407xx.o(.text)
    ADC_IRQHandler                           0x080001b7   Thumb Code     0  startup_stm32f407xx.o(.text)
    CAN1_RX1_IRQHandler                      0x080001b7   Thumb Code     0  startup_stm32f407xx.o(.text)
    CAN1_SCE_IRQHandler                      0x080001b7   Thumb Code     0  startup_stm32f407xx.o(.text)
    CAN1_TX_IRQHandler                       0x080001b7   Thumb Code     0  startup_stm32f407xx.o(.text)
    CAN2_RX1_IRQHandler                      0x080001b7   Thumb Code     0  startup_stm32f407xx.o(.text)
    CAN2_SCE_IRQHandler                      0x080001b7   Thumb Code     0  startup_stm32f407xx.o(.text)
    CAN2_TX_IRQHandler                       0x080001b7   Thumb Code     0  startup_stm32f407xx.o(.text)
    DCMI_IRQHandler                          0x080001b7   Thumb Code     0  startup_stm32f407xx.o(.text)
    DMA1_Stream0_IRQHandler                  0x080001b7   Thumb Code     0  startup_stm32f407xx.o(.text)
    DMA1_Stream2_IRQHandler                  0x080001b7   Thumb Code     0  startup_stm32f407xx.o(.text)
    DMA1_Stream3_IRQHandler                  0x080001b7   Thumb Code     0  startup_stm32f407xx.o(.text)
    DMA1_Stream4_IRQHandler                  0x080001b7   Thumb Code     0  startup_stm32f407xx.o(.text)
    DMA1_Stream5_IRQHandler                  0x080001b7   Thumb Code     0  startup_stm32f407xx.o(.text)
    DMA1_Stream6_IRQHandler                  0x080001b7   Thumb Code     0  startup_stm32f407xx.o(.text)
    DMA1_Stream7_IRQHandler                  0x080001b7   Thumb Code     0  startup_stm32f407xx.o(.text)
    DMA2_Stream0_IRQHandler                  0x080001b7   Thumb Code     0  startup_stm32f407xx.o(.text)
    DMA2_Stream3_IRQHandler                  0x080001b7   Thumb Code     0  startup_stm32f407xx.o(.text)
    DMA2_Stream4_IRQHandler                  0x080001b7   Thumb Code     0  startup_stm32f407xx.o(.text)
    DMA2_Stream5_IRQHandler                  0x080001b7   Thumb Code     0  startup_stm32f407xx.o(.text)
    ETH_IRQHandler                           0x080001b7   Thumb Code     0  startup_stm32f407xx.o(.text)
    ETH_WKUP_IRQHandler                      0x080001b7   Thumb Code     0  startup_stm32f407xx.o(.text)
    EXTI0_IRQHandler                         0x080001b7   Thumb Code     0  startup_stm32f407xx.o(.text)
    EXTI15_10_IRQHandler                     0x080001b7   Thumb Code     0  startup_stm32f407xx.o(.text)
    EXTI1_IRQHandler                         0x080001b7   Thumb Code     0  startup_stm32f407xx.o(.text)
    EXTI2_IRQHandler                         0x080001b7   Thumb Code     0  startup_stm32f407xx.o(.text)
    EXTI3_IRQHandler                         0x080001b7   Thumb Code     0  startup_stm32f407xx.o(.text)
    EXTI4_IRQHandler                         0x080001b7   Thumb Code     0  startup_stm32f407xx.o(.text)
    EXTI9_5_IRQHandler                       0x080001b7   Thumb Code     0  startup_stm32f407xx.o(.text)
    FLASH_IRQHandler                         0x080001b7   Thumb Code     0  startup_stm32f407xx.o(.text)
    FMC_IRQHandler                           0x080001b7   Thumb Code     0  startup_stm32f407xx.o(.text)
    FPU_IRQHandler                           0x080001b7   Thumb Code     0  startup_stm32f407xx.o(.text)
    HASH_RNG_IRQHandler                      0x080001b7   Thumb Code     0  startup_stm32f407xx.o(.text)
    I2C1_ER_IRQHandler                       0x080001b7   Thumb Code     0  startup_stm32f407xx.o(.text)
    I2C1_EV_IRQHandler                       0x080001b7   Thumb Code     0  startup_stm32f407xx.o(.text)
    I2C2_ER_IRQHandler                       0x080001b7   Thumb Code     0  startup_stm32f407xx.o(.text)
    I2C2_EV_IRQHandler                       0x080001b7   Thumb Code     0  startup_stm32f407xx.o(.text)
    I2C3_ER_IRQHandler                       0x080001b7   Thumb Code     0  startup_stm32f407xx.o(.text)
    I2C3_EV_IRQHandler                       0x080001b7   Thumb Code     0  startup_stm32f407xx.o(.text)
    OTG_FS_IRQHandler                        0x080001b7   Thumb Code     0  startup_stm32f407xx.o(.text)
    OTG_FS_WKUP_IRQHandler                   0x080001b7   Thumb Code     0  startup_stm32f407xx.o(.text)
    OTG_HS_EP1_IN_IRQHandler                 0x080001b7   Thumb Code     0  startup_stm32f407xx.o(.text)
    OTG_HS_EP1_OUT_IRQHandler                0x080001b7   Thumb Code     0  startup_stm32f407xx.o(.text)
    OTG_HS_IRQHandler                        0x080001b7   Thumb Code     0  startup_stm32f407xx.o(.text)
    OTG_HS_WKUP_IRQHandler                   0x080001b7   Thumb Code     0  startup_stm32f407xx.o(.text)
    PVD_IRQHandler                           0x080001b7   Thumb Code     0  startup_stm32f407xx.o(.text)
    RCC_IRQHandler                           0x080001b7   Thumb Code     0  startup_stm32f407xx.o(.text)
    RTC_Alarm_IRQHandler                     0x080001b7   Thumb Code     0  startup_stm32f407xx.o(.text)
    RTC_WKUP_IRQHandler                      0x080001b7   Thumb Code     0  startup_stm32f407xx.o(.text)
    SDIO_IRQHandler                          0x080001b7   Thumb Code     0  startup_stm32f407xx.o(.text)
    SPI1_IRQHandler                          0x080001b7   Thumb Code     0  startup_stm32f407xx.o(.text)
    SPI2_IRQHandler                          0x080001b7   Thumb Code     0  startup_stm32f407xx.o(.text)
    SPI3_IRQHandler                          0x080001b7   Thumb Code     0  startup_stm32f407xx.o(.text)
    TAMP_STAMP_IRQHandler                    0x080001b7   Thumb Code     0  startup_stm32f407xx.o(.text)
    TIM1_BRK_TIM9_IRQHandler                 0x080001b7   Thumb Code     0  startup_stm32f407xx.o(.text)
    TIM1_CC_IRQHandler                       0x080001b7   Thumb Code     0  startup_stm32f407xx.o(.text)
    TIM1_TRG_COM_TIM11_IRQHandler            0x080001b7   Thumb Code     0  startup_stm32f407xx.o(.text)
    TIM1_UP_TIM10_IRQHandler                 0x080001b7   Thumb Code     0  startup_stm32f407xx.o(.text)
    TIM2_IRQHandler                          0x080001b7   Thumb Code     0  startup_stm32f407xx.o(.text)
    TIM3_IRQHandler                          0x080001b7   Thumb Code     0  startup_stm32f407xx.o(.text)
    TIM4_IRQHandler                          0x080001b7   Thumb Code     0  startup_stm32f407xx.o(.text)
    TIM5_IRQHandler                          0x080001b7   Thumb Code     0  startup_stm32f407xx.o(.text)
    TIM6_DAC_IRQHandler                      0x080001b7   Thumb Code     0  startup_stm32f407xx.o(.text)
    TIM8_BRK_TIM12_IRQHandler                0x080001b7   Thumb Code     0  startup_stm32f407xx.o(.text)
    TIM8_CC_IRQHandler                       0x080001b7   Thumb Code     0  startup_stm32f407xx.o(.text)
    TIM8_TRG_COM_TIM14_IRQHandler            0x080001b7   Thumb Code     0  startup_stm32f407xx.o(.text)
    TIM8_UP_TIM13_IRQHandler                 0x080001b7   Thumb Code     0  startup_stm32f407xx.o(.text)
    UART4_IRQHandler                         0x080001b7   Thumb Code     0  startup_stm32f407xx.o(.text)
    UART5_IRQHandler                         0x080001b7   Thumb Code     0  startup_stm32f407xx.o(.text)
    USART2_IRQHandler                        0x080001b7   Thumb Code     0  startup_stm32f407xx.o(.text)
    WWDG_IRQHandler                          0x080001b7   Thumb Code     0  startup_stm32f407xx.o(.text)
    __aeabi_uldivmod                         0x080001c1   Thumb Code    98  uldiv.o(.text)
    __aeabi_memcpy                           0x08000223   Thumb Code    36  memcpya.o(.text)
    __aeabi_memcpy4                          0x08000223   Thumb Code     0  memcpya.o(.text)
    __aeabi_memcpy8                          0x08000223   Thumb Code     0  memcpya.o(.text)
    __aeabi_memset                           0x08000247   Thumb Code    14  memseta.o(.text)
    __aeabi_memset4                          0x08000247   Thumb Code     0  memseta.o(.text)
    __aeabi_memset8                          0x08000247   Thumb Code     0  memseta.o(.text)
    __aeabi_memclr                           0x08000255   Thumb Code     4  memseta.o(.text)
    __aeabi_memclr4                          0x08000255   Thumb Code     0  memseta.o(.text)
    __aeabi_memclr8                          0x08000255   Thumb Code     0  memseta.o(.text)
    _memset$wrapper                          0x08000259   Thumb Code    18  memseta.o(.text)
    __aeabi_llsl                             0x0800026b   Thumb Code    30  llshl.o(.text)
    _ll_shift_l                              0x0800026b   Thumb Code     0  llshl.o(.text)
    __aeabi_llsr                             0x08000289   Thumb Code    32  llushr.o(.text)
    _ll_ushift_r                             0x08000289   Thumb Code     0  llushr.o(.text)
    __scatterload                            0x080002a9   Thumb Code    28  init.o(.text)
    __scatterload_rt2                        0x080002a9   Thumb Code     0  init.o(.text)
    BusFault_Handler                         0x080002cd   Thumb Code     4  stm32f4xx_it.o(.text.BusFault_Handler)
    CAN1_RX0_IRQHandler                      0x080002d1   Thumb Code    16  stm32f4xx_it.o(.text.CAN1_RX0_IRQHandler)
    CAN2_RX0_IRQHandler                      0x080002e1   Thumb Code    16  stm32f4xx_it.o(.text.CAN2_RX0_IRQHandler)
    DMA1_Stream1_IRQHandler                  0x080002f1   Thumb Code    16  stm32f4xx_it.o(.text.DMA1_Stream1_IRQHandler)
    DMA2_Stream1_IRQHandler                  0x08000301   Thumb Code    16  stm32f4xx_it.o(.text.DMA2_Stream1_IRQHandler)
    DMA2_Stream2_IRQHandler                  0x08000311   Thumb Code    16  stm32f4xx_it.o(.text.DMA2_Stream2_IRQHandler)
    DMA2_Stream6_IRQHandler                  0x08000321   Thumb Code    16  stm32f4xx_it.o(.text.DMA2_Stream6_IRQHandler)
    DMA2_Stream7_IRQHandler                  0x08000331   Thumb Code    16  stm32f4xx_it.o(.text.DMA2_Stream7_IRQHandler)
    DV_task                                  0x08000491   Thumb Code    18  freertos.o(.text.DV_task)
    DebugMon_Handler                         0x080004a5   Thumb Code     2  stm32f4xx_it.o(.text.DebugMon_Handler)
    Error_Handler                            0x080004a9   Thumb Code    14  main.o(.text.Error_Handler)
    FireCMD                                  0x080004b9   Thumb Code   144  bspmotor.o(.text.FireCMD)
    GetAmmoMeasure                           0x08000549   Thumb Code    10  canreceivedecom.o(.text.GetAmmoMeasure)
    GetFireMeasure                           0x08000555   Thumb Code    32  canreceivedecom.o(.text.GetFireMeasure)
    GetPitchMeasure                          0x08000575   Thumb Code    10  canreceivedecom.o(.text.GetPitchMeasure)
    GetYawMeasure                            0x08000581   Thumb Code    10  canreceivedecom.o(.text.GetYawMeasure)
    HAL_CAN_ActivateNotification             0x0800058d   Thumb Code    82  stm32f4xx_hal_can.o(.text.HAL_CAN_ActivateNotification)
    HAL_CAN_AddTxMessage                     0x080005e1   Thumb Code   374  stm32f4xx_hal_can.o(.text.HAL_CAN_AddTxMessage)
    HAL_CAN_ConfigFilter                     0x08000759   Thumb Code   436  stm32f4xx_hal_can.o(.text.HAL_CAN_ConfigFilter)
    HAL_CAN_ErrorCallback                    0x0800090d   Thumb Code     8  stm32f4xx_hal_can.o(.text.HAL_CAN_ErrorCallback)
    HAL_CAN_GetRxMessage                     0x08000915   Thumb Code   506  stm32f4xx_hal_can.o(.text.HAL_CAN_GetRxMessage)
    HAL_CAN_IRQHandler                       0x08000b11   Thumb Code  1028  stm32f4xx_hal_can.o(.text.HAL_CAN_IRQHandler)
    HAL_CAN_Init                             0x08000f15   Thumb Code   484  stm32f4xx_hal_can.o(.text.HAL_CAN_Init)
    HAL_CAN_MspInit                          0x080010f9   Thumb Code   394  can.o(.text.HAL_CAN_MspInit)
    HAL_CAN_RxFifo0FullCallback              0x08001285   Thumb Code     8  stm32f4xx_hal_can.o(.text.HAL_CAN_RxFifo0FullCallback)
    HAL_CAN_RxFifo0MsgPendingCallback        0x0800128d   Thumb Code   704  canreceivedecom.o(.text.HAL_CAN_RxFifo0MsgPendingCallback)
    HAL_CAN_RxFifo1FullCallback              0x0800154d   Thumb Code     8  stm32f4xx_hal_can.o(.text.HAL_CAN_RxFifo1FullCallback)
    HAL_CAN_RxFifo1MsgPendingCallback        0x08001555   Thumb Code     8  stm32f4xx_hal_can.o(.text.HAL_CAN_RxFifo1MsgPendingCallback)
    HAL_CAN_SleepCallback                    0x0800155d   Thumb Code     8  stm32f4xx_hal_can.o(.text.HAL_CAN_SleepCallback)
    HAL_CAN_Start                            0x08001565   Thumb Code   140  stm32f4xx_hal_can.o(.text.HAL_CAN_Start)
    HAL_CAN_TxMailbox0AbortCallback          0x080015f1   Thumb Code     8  stm32f4xx_hal_can.o(.text.HAL_CAN_TxMailbox0AbortCallback)
    HAL_CAN_TxMailbox0CompleteCallback       0x080015f9   Thumb Code     8  stm32f4xx_hal_can.o(.text.HAL_CAN_TxMailbox0CompleteCallback)
    HAL_CAN_TxMailbox1AbortCallback          0x08001601   Thumb Code     8  stm32f4xx_hal_can.o(.text.HAL_CAN_TxMailbox1AbortCallback)
    HAL_CAN_TxMailbox1CompleteCallback       0x08001609   Thumb Code     8  stm32f4xx_hal_can.o(.text.HAL_CAN_TxMailbox1CompleteCallback)
    HAL_CAN_TxMailbox2AbortCallback          0x08001611   Thumb Code     8  stm32f4xx_hal_can.o(.text.HAL_CAN_TxMailbox2AbortCallback)
    HAL_CAN_TxMailbox2CompleteCallback       0x08001619   Thumb Code     8  stm32f4xx_hal_can.o(.text.HAL_CAN_TxMailbox2CompleteCallback)
    HAL_CAN_WakeUpFromRxMsgCallback          0x08001621   Thumb Code     8  stm32f4xx_hal_can.o(.text.HAL_CAN_WakeUpFromRxMsgCallback)
    HAL_DMA_Abort                            0x08001629   Thumb Code   244  stm32f4xx_hal_dma.o(.text.HAL_DMA_Abort)
    HAL_DMA_Abort_IT                         0x0800171d   Thumb Code    68  stm32f4xx_hal_dma.o(.text.HAL_DMA_Abort_IT)
    HAL_DMA_IRQHandler                       0x08001761   Thumb Code   836  stm32f4xx_hal_dma.o(.text.HAL_DMA_IRQHandler)
    HAL_DMA_Init                             0x08001aa5   Thumb Code   376  stm32f4xx_hal_dma.o(.text.HAL_DMA_Init)
    HAL_GPIO_Init                            0x08001c1d   Thumb Code   962  stm32f4xx_hal_gpio.o(.text.HAL_GPIO_Init)
    HAL_GPIO_ReadPin                         0x08001fe1   Thumb Code    48  stm32f4xx_hal_gpio.o(.text.HAL_GPIO_ReadPin)
    HAL_GetTick                              0x08002011   Thumb Code    12  stm32f4xx_hal.o(.text.HAL_GetTick)
    HAL_IncTick                              0x0800201d   Thumb Code    26  stm32f4xx_hal.o(.text.HAL_IncTick)
    HAL_Init                                 0x08002039   Thumb Code    60  stm32f4xx_hal.o(.text.HAL_Init)
    HAL_InitTick                             0x08002075   Thumb Code   192  stm32f4xx_hal_timebase_tim.o(.text.HAL_InitTick)
    HAL_MspInit                              0x08002135   Thumb Code    88  stm32f4xx_hal_msp.o(.text.HAL_MspInit)
    HAL_NVIC_EnableIRQ                       0x0800218d   Thumb Code    24  stm32f4xx_hal_cortex.o(.text.HAL_NVIC_EnableIRQ)
    HAL_NVIC_SetPriority                     0x080021a5   Thumb Code    64  stm32f4xx_hal_cortex.o(.text.HAL_NVIC_SetPriority)
    HAL_NVIC_SetPriorityGrouping             0x080021e5   Thumb Code    16  stm32f4xx_hal_cortex.o(.text.HAL_NVIC_SetPriorityGrouping)
    HAL_RCC_ClockConfig                      0x080021f5   Thumb Code   612  stm32f4xx_hal_rcc.o(.text.HAL_RCC_ClockConfig)
    HAL_RCC_GetClockConfig                   0x08002459   Thumb Code    84  stm32f4xx_hal_rcc.o(.text.HAL_RCC_GetClockConfig)
    HAL_RCC_GetHCLKFreq                      0x080024ad   Thumb Code    12  stm32f4xx_hal_rcc.o(.text.HAL_RCC_GetHCLKFreq)
    HAL_RCC_GetPCLK1Freq                     0x080024b9   Thumb Code    34  stm32f4xx_hal_rcc.o(.text.HAL_RCC_GetPCLK1Freq)
    HAL_RCC_GetPCLK2Freq                     0x080024dd   Thumb Code    34  stm32f4xx_hal_rcc.o(.text.HAL_RCC_GetPCLK2Freq)
    HAL_RCC_GetSysClockFreq                  0x08002501   Thumb Code   232  stm32f4xx_hal_rcc.o(.text.HAL_RCC_GetSysClockFreq)
    HAL_RCC_OscConfig                        0x080025e9   Thumb Code  1738  stm32f4xx_hal_rcc.o(.text.HAL_RCC_OscConfig)
    HAL_TIMEx_BreakCallback                  0x08002cb5   Thumb Code     8  stm32f4xx_hal_tim_ex.o(.text.HAL_TIMEx_BreakCallback)
    HAL_TIMEx_CommutCallback                 0x08002cbd   Thumb Code     8  stm32f4xx_hal_tim_ex.o(.text.HAL_TIMEx_CommutCallback)
    HAL_TIMEx_MasterConfigSynchronization    0x08002cc5   Thumb Code   290  stm32f4xx_hal_tim_ex.o(.text.HAL_TIMEx_MasterConfigSynchronization)
    HAL_TIM_Base_Init                        0x08002de9   Thumb Code   166  stm32f4xx_hal_tim.o(.text.HAL_TIM_Base_Init)
    HAL_TIM_Base_MspInit                     0x08002e91   Thumb Code    62  tim.o(.text.HAL_TIM_Base_MspInit)
    HAL_TIM_Base_Start_IT                    0x08002ed1   Thumb Code   246  stm32f4xx_hal_tim.o(.text.HAL_TIM_Base_Start_IT)
    HAL_TIM_IC_CaptureCallback               0x08002fc9   Thumb Code     8  stm32f4xx_hal_tim.o(.text.HAL_TIM_IC_CaptureCallback)
    HAL_TIM_IRQHandler                       0x08002fd1   Thumb Code   642  stm32f4xx_hal_tim.o(.text.HAL_TIM_IRQHandler)
    HAL_TIM_MspPostInit                      0x08003255   Thumb Code   108  tim.o(.text.HAL_TIM_MspPostInit)
    HAL_TIM_OC_DelayElapsedCallback          0x080032c1   Thumb Code     8  stm32f4xx_hal_tim.o(.text.HAL_TIM_OC_DelayElapsedCallback)
    HAL_TIM_PWM_ConfigChannel                0x080032c9   Thumb Code   322  stm32f4xx_hal_tim.o(.text.HAL_TIM_PWM_ConfigChannel)
    HAL_TIM_PWM_Init                         0x0800340d   Thumb Code   166  stm32f4xx_hal_tim.o(.text.HAL_TIM_PWM_Init)
    HAL_TIM_PWM_MspInit                      0x080034b5   Thumb Code    62  tim.o(.text.HAL_TIM_PWM_MspInit)
    HAL_TIM_PWM_PulseFinishedCallback        0x080034f5   Thumb Code     8  stm32f4xx_hal_tim.o(.text.HAL_TIM_PWM_PulseFinishedCallback)
    HAL_TIM_PWM_Start                        0x080034fd   Thumb Code   464  stm32f4xx_hal_tim.o(.text.HAL_TIM_PWM_Start)
    HAL_TIM_PeriodElapsedCallback            0x080036cd   Thumb Code    34  main.o(.text.HAL_TIM_PeriodElapsedCallback)
    HAL_TIM_TriggerCallback                  0x080036f1   Thumb Code     8  stm32f4xx_hal_tim.o(.text.HAL_TIM_TriggerCallback)
    HAL_UARTEx_RxEventCallback               0x080036f9   Thumb Code    14  stm32f4xx_hal_uart.o(.text.HAL_UARTEx_RxEventCallback)
    HAL_UART_ErrorCallback                   0x08003709   Thumb Code     8  stm32f4xx_hal_uart.o(.text.HAL_UART_ErrorCallback)
    HAL_UART_IRQHandler                      0x08003711   Thumb Code  1072  stm32f4xx_hal_uart.o(.text.HAL_UART_IRQHandler)
    HAL_UART_Init                            0x08003b41   Thumb Code   160  stm32f4xx_hal_uart.o(.text.HAL_UART_Init)
    HAL_UART_MspInit                         0x08003be1   Thumb Code   966  usart.o(.text.HAL_UART_MspInit)
    HAL_UART_RxCpltCallback                  0x08003fa9   Thumb Code     8  stm32f4xx_hal_uart.o(.text.HAL_UART_RxCpltCallback)
    HAL_UART_TxCpltCallback                  0x08003fb1   Thumb Code     8  stm32f4xx_hal_uart.o(.text.HAL_UART_TxCpltCallback)
    HardFault_Handler                        0x08003fb9   Thumb Code     4  stm32f4xx_it.o(.text.HardFault_Handler)
    MX_CAN1_Init                             0x08003fbd   Thumb Code    72  can.o(.text.MX_CAN1_Init)
    MX_CAN2_Init                             0x08004005   Thumb Code    72  can.o(.text.MX_CAN2_Init)
    MX_DMA_Init                              0x0800404d   Thumb Code   170  dma.o(.text.MX_DMA_Init)
    MX_FREERTOS_Init                         0x080040f9   Thumb Code   258  freertos.o(.text.MX_FREERTOS_Init)
    MX_GPIO_Init                             0x080041fd   Thumb Code   284  gpio.o(.text.MX_GPIO_Init)
    MX_TIM10_Init                            0x08004319   Thumb Code    54  tim.o(.text.MX_TIM10_Init)
    MX_TIM5_Init                             0x08004351   Thumb Code   224  tim.o(.text.MX_TIM5_Init)
    MX_USART1_UART_Init                      0x08004431   Thumb Code    60  usart.o(.text.MX_USART1_UART_Init)
    MX_USART3_UART_Init                      0x0800446d   Thumb Code    68  usart.o(.text.MX_USART3_UART_Init)
    MX_USART6_UART_Init                      0x080044b1   Thumb Code    60  usart.o(.text.MX_USART6_UART_Init)
    MemManage_Handler                        0x080044ed   Thumb Code     4  stm32f4xx_it.o(.text.MemManage_Handler)
    NMI_Handler                              0x080044f1   Thumb Code     4  stm32f4xx_it.o(.text.NMI_Handler)
    PID_calc                                 0x08004565   Thumb Code   590  pid.o(.text.PID_calc)
    PID_init                                 0x080047b5   Thumb Code   130  pid.o(.text.PID_init)
    PendSV_Handler                           0x08004841   Thumb Code   100  port.o(.text.PendSV_Handler)
    Position_CMD                             0x080048a5   Thumb Code   184  bspmotor.o(.text.Position_CMD)
    RC_Init                                  0x0800495d   Thumb Code   164  bsp_rc.o(.text.RC_Init)
    RefereeTask                              0x08004a01   Thumb Code    84  refereetask_1.o(.text.RefereeTask)
    SVC_Handler                              0x08004a61   Thumb Code    36  port.o(.text.SVC_Handler)
    StartDefaultTask                         0x08004a85   Thumb Code    18  freertos.o(.text.StartDefaultTask)
    SysTick_Handler                          0x08004a99   Thumb Code    62  port.o(.text.SysTick_Handler)
    SystemClock_Config                       0x08004ad9   Thumb Code   192  main.o(.text.SystemClock_Config)
    SystemInit                               0x08004b99   Thumb Code    18  system_stm32f4xx.o(.text.SystemInit)
    TIM7_IRQHandler                          0x08004bad   Thumb Code    16  stm32f4xx_it.o(.text.TIM7_IRQHandler)
    TIM_Base_SetConfig                       0x08004bbd   Thumb Code   410  stm32f4xx_hal_tim.o(.text.TIM_Base_SetConfig)
    TIM_CCxChannelCmd                        0x08004d59   Thumb Code    56  stm32f4xx_hal_tim.o(.text.TIM_CCxChannelCmd)
    TIM_OC2_SetConfig                        0x08004e7d   Thumb Code   244  stm32f4xx_hal_tim.o(.text.TIM_OC2_SetConfig)
    USART1_IRQHandler                        0x08005541   Thumb Code    16  stm32f4xx_it.o(.text.USART1_IRQHandler)
    USART3_IRQHandler                        0x08005551   Thumb Code   328  remote_control.o(.text.USART3_IRQHandler)
    USART6_IRQHandler                        0x08005699   Thumb Code   282  refereetask_1.o(.text.USART6_IRQHandler)
    UsageFault_Handler                       0x080057b5   Thumb Code     4  stm32f4xx_it.o(.text.UsageFault_Handler)
    can_filter_init                          0x0800587d   Thumb Code   130  canreceivedecom.o(.text.can_filter_init)
    fifo_s_get                               0x08005901   Thumb Code   100  fifo.o(.text.fifo_s_get)
    fifo_s_init                              0x08005965   Thumb Code    56  fifo.o(.text.fifo_s_init)
    fifo_s_puts                              0x0800599d   Thumb Code   270  fifo.o(.text.fifo_s_puts)
    fifo_s_used                              0x08005aad   Thumb Code    12  fifo.o(.text.fifo_s_used)
    get_CRC16_check_sum                      0x08005ab9   Thumb Code   108  crc8_crc16.o(.text.get_CRC16_check_sum)
    get_CRC8_check_sum                       0x08005b25   Thumb Code    72  crc8_crc16.o(.text.get_CRC8_check_sum)
    get_remote_control_point                 0x08005b6d   Thumb Code    10  remote_control.o(.text.get_remote_control_point)
    init_referee_struct_data                 0x08005b79   Thumb Code   254  refereebehaviour.o(.text.init_referee_struct_data)
    main                                     0x08005c79   Thumb Code    70  main.o(.text.main)
    osDelay                                  0x08005ced   Thumb Code    42  cmsis_os.o(.text.osDelay)
    osDelayUntil                             0x08005d19   Thumb Code    12  cmsis_os.o(.text.osDelayUntil)
    osKernelStart                            0x08005d25   Thumb Code    10  cmsis_os.o(.text.osKernelStart)
    osThreadCreate                           0x08005d31   Thumb Code   164  cmsis_os.o(.text.osThreadCreate)
    pvPortMalloc                             0x080064d5   Thumb Code   506  heap_4.o(.text.pvPortMalloc)
    pxPortInitialiseStack                    0x080066d1   Thumb Code    94  port.o(.text.pxPortInitialiseStack)
    referee_data_solve                       0x08006731   Thumb Code   786  refereebehaviour.o(.text.referee_data_solve)
    referee_unpack_fifo_data                 0x08006a45   Thumb Code   494  refereetask_1.o(.text.referee_unpack_fifo_data)
    remote_control_init                      0x08006c35   Thumb Code    22  remote_control.o(.text.remote_control_init)
    shoot_current                            0x08006d71   Thumb Code   372  shoot_task.o(.text.shoot_current)
    shoot_init                               0x08006ee5   Thumb Code   316  shoot_task.o(.text.shoot_init)
    shoot_setloop                            0x08007021   Thumb Code   440  shoot_task.o(.text.shoot_setloop)
    shoot_task                               0x080071d9   Thumb Code    90  shoot_task.o(.text.shoot_task)
    sys_int                                  0x08007235   Thumb Code    58  system.o(.text.sys_int)
    usart6_init                              0x08007271   Thumb Code   406  bsp_referee.o(.text.usart6_init)
    uxListRemove                             0x08007409   Thumb Code    72  list.o(.text.uxListRemove)
    vApplicationGetIdleTaskMemory            0x08007451   Thumb Code    42  freertos.o(.text.vApplicationGetIdleTaskMemory)
    vListInitialise                          0x0800747d   Thumb Code    46  list.o(.text.vListInitialise)
    vListInitialiseItem                      0x080074ad   Thumb Code    14  list.o(.text.vListInitialiseItem)
    vListInsert                              0x080074bd   Thumb Code   108  list.o(.text.vListInsert)
    vListInsertEnd                           0x08007529   Thumb Code    58  list.o(.text.vListInsertEnd)
    vPortEnterCritical                       0x08007579   Thumb Code    88  port.o(.text.vPortEnterCritical)
    vPortExitCritical                        0x080075d1   Thumb Code    78  port.o(.text.vPortExitCritical)
    vPortFree                                0x08007621   Thumb Code   212  heap_4.o(.text.vPortFree)
    vPortSetupTimerInterrupt                 0x080076f5   Thumb Code    68  port.o(.text.vPortSetupTimerInterrupt)
    vTaskDelay                               0x08007739   Thumb Code   116  tasks.o(.text.vTaskDelay)
    vTaskStartScheduler                      0x080077ad   Thumb Code   214  tasks.o(.text.vTaskStartScheduler)
    vTaskSuspendAll                          0x08007885   Thumb Code    16  tasks.o(.text.vTaskSuspendAll)
    vTaskSwitchContext                       0x08007895   Thumb Code   194  tasks.o(.text.vTaskSwitchContext)
    verify_CRC16_check_sum                   0x08007959   Thumb Code   126  crc8_crc16.o(.text.verify_CRC16_check_sum)
    verify_CRC8_check_sum                    0x080079d9   Thumb Code    84  crc8_crc16.o(.text.verify_CRC8_check_sum)
    xPortStartScheduler                      0x08007a2d   Thumb Code   342  port.o(.text.xPortStartScheduler)
    xTaskCreate                              0x08007b85   Thumb Code   178  tasks.o(.text.xTaskCreate)
    xTaskCreateStatic                        0x08007c39   Thumb Code   214  tasks.o(.text.xTaskCreateStatic)
    xTaskIncrementTick                       0x08007d11   Thumb Code   456  tasks.o(.text.xTaskIncrementTick)
    xTaskResumeAll                           0x08007ed9   Thumb Code   396  tasks.o(.text.xTaskResumeAll)
    __scatterload_copy                       0x08008065   Thumb Code    14  handlers.o(i.__scatterload_copy)
    __scatterload_null                       0x08008073   Thumb Code     2  handlers.o(i.__scatterload_null)
    __scatterload_zeroinit                   0x08008075   Thumb Code    14  handlers.o(i.__scatterload_zeroinit)
    AHBPrescTable                            0x080080f4   Data          16  system_stm32f4xx.o(.rodata.AHBPrescTable)
    APBPrescTable                            0x08008104   Data           8  system_stm32f4xx.o(.rodata.APBPrescTable)
    CRC8_table                               0x0800810c   Data         256  crc8_crc16.o(.rodata.CRC8_table)
    wCRC_table                               0x08008236   Data         512  crc8_crc16.o(.rodata.wCRC_table)
    Region$$Table$$Base                      0x08008438   Number         0  anon$$obj.o(Region$$Table)
    Region$$Table$$Limit                     0x08008458   Number         0  anon$$obj.o(Region$$Table)
    Ammo_Speed                               0x20000000   Data           4  shoot_task.o(.data.Ammo_Speed)
    CRC16_INIT                               0x20000004   Data           2  crc8_crc16.o(.data.CRC16_INIT)
    Fire_Pid                                 0x20000008   Data          48  shoot_task.o(.data.Fire_Pid)
    Fire_Speed                               0x20000038   Data           4  shoot_task.o(.data.Fire_Speed)
    SystemCoreClock                          0x2000003c   Data           4  system_stm32f4xx.o(.data.SystemCoreClock)
    YawPid                                   0x20000040   Data          12  shoot_task.o(.data.YawPid)
    pitch_speed                              0x2000004c   Data           4  shoot_task.o(.data.pitch_speed)
    uwTickFreq                               0x20000050   Data           1  stm32f4xx_hal.o(.data.uwTickFreq)
    uwTickPrio                               0x20000054   Data           4  stm32f4xx_hal.o(.data.uwTickPrio)
    yaw_speed                                0x2000005c   Data           4  shoot_task.o(.data.yaw_speed)
    AmmoMotor                                0x20000060   Data          20  canreceivedecom.o(.bss.AmmoMotor)
    DVHandle                                 0x20000074   Data           4  freertos.o(.bss.DVHandle)
    FireMotor                                0x20000078   Data          80  canreceivedecom.o(.bss.FireMotor)
    PitchMotor                               0x200000d0   Data          20  canreceivedecom.o(.bss.PitchMotor)
    YawMotor                                 0x200000e8   Data          20  canreceivedecom.o(.bss.YawMotor)
    buff_musk_t                              0x200000fc   Data           1  refereebehaviour.o(.bss.buff_musk_t)
    bullet_remaining_t                       0x200000fe   Data           6  refereebehaviour.o(.bss.bullet_remaining_t)
    dart_client_cmd_t                        0x20000154   Data           6  refereebehaviour.o(.bss.dart_client_cmd_t)
    dart_remaining_time_t                    0x2000015a   Data           1  refereebehaviour.o(.bss.dart_remaining_time_t)
    defaultTaskHandle                        0x2000015c   Data           4  freertos.o(.bss.defaultTaskHandle)
    field_event                              0x20000160   Data           4  refereebehaviour.o(.bss.field_event)
    game_result                              0x20000164   Data           1  refereebehaviour.o(.bss.game_result)
    game_robot_HP_t                          0x20000166   Data          32  refereebehaviour.o(.bss.game_robot_HP_t)
    game_robot_pos_t                         0x20000188   Data          16  refereebehaviour.o(.bss.game_robot_pos_t)
    game_state                               0x20000198   Data          11  refereebehaviour.o(.bss.game_state)
    hcan1                                    0x200001a4   Data          40  can.o(.bss.hcan1)
    hcan2                                    0x200001cc   Data          40  can.o(.bss.hcan2)
    hdma_usart1_rx                           0x200001f4   Data          96  usart.o(.bss.hdma_usart1_rx)
    hdma_usart1_tx                           0x20000254   Data          96  usart.o(.bss.hdma_usart1_tx)
    hdma_usart3_rx                           0x200002b4   Data          96  usart.o(.bss.hdma_usart3_rx)
    hdma_usart6_rx                           0x20000314   Data          96  usart.o(.bss.hdma_usart6_rx)
    hdma_usart6_tx                           0x20000374   Data          96  usart.o(.bss.hdma_usart6_tx)
    htim10                                   0x200003d4   Data          72  tim.o(.bss.htim10)
    htim5                                    0x2000041c   Data          72  tim.o(.bss.htim5)
    htim7                                    0x20000464   Data          72  stm32f4xx_hal_timebase_tim.o(.bss.htim7)
    huart1                                   0x200004ac   Data          68  usart.o(.bss.huart1)
    huart3                                   0x200004f0   Data          68  usart.o(.bss.huart3)
    huart6                                   0x20000534   Data          68  usart.o(.bss.huart6)
    power_heat_data_t                        0x20000578   Data          16  refereebehaviour.o(.bss.power_heat_data_t)
    pxCurrentTCB                             0x20000588   Data           4  tasks.o(.bss.pxCurrentTCB)
    rc_ctrl                                  0x20000624   Data          22  remote_control.o(.bss.rc_ctrl)
    refereeHandle                            0x2000063c   Data           4  freertos.o(.bss.refereeHandle)
    referee_fifo                             0x20000640   Data          24  refereetask_1.o(.bss.referee_fifo)
    referee_fifo_buf                         0x20000658   Data        1024  refereetask_1.o(.bss.referee_fifo_buf)
    referee_receive_header                   0x20000a58   Data           5  refereebehaviour.o(.bss.referee_receive_header)
    referee_send_header                      0x20000a5d   Data           5  refereebehaviour.o(.bss.referee_send_header)
    referee_unpack_obj                       0x20000a62   Data         137  refereetask_1.o(.bss.referee_unpack_obj)
    referee_warning_t                        0x20000aeb   Data           2  refereebehaviour.o(.bss.referee_warning_t)
    rfid_status_t                            0x20000af0   Data           4  refereebehaviour.o(.bss.rfid_status_t)
    robot_energy_t                           0x20000af4   Data           1  refereebehaviour.o(.bss.robot_energy_t)
    robot_hurt_t                             0x20000af5   Data           1  refereebehaviour.o(.bss.robot_hurt_t)
    robot_state                              0x20000af6   Data          29  refereebehaviour.o(.bss.robot_state)
    sbus_rx_buf                              0x20000b13   Data          72  remote_control.o(.bss.sbus_rx_buf)
    shoot                                    0x20000b5c   Data         568  shoot_task.o(.bss.shoot)
    shootHandle                              0x20000d94   Data           4  freertos.o(.bss.shootHandle)
    shoot_data_t                             0x20000d98   Data           7  refereebehaviour.o(.bss.shoot_data_t)
    student_interactive_data_t               0x20000da0   Data           6  refereebehaviour.o(.bss.student_interactive_data_t)
    supply_projectile_action_t               0x20000da6   Data           4  refereebehaviour.o(.bss.supply_projectile_action_t)
    supply_projectile_booking_t              0x20000daa   Data           3  refereebehaviour.o(.bss.supply_projectile_booking_t)
    usart6_buf                               0x200049b4   Data        1024  refereetask_1.o(.bss.usart6_buf)
    uwTick                                   0x20004db4   Data           4  stm32f4xx_hal.o(.bss.uwTick)
    __initial_sp                             0x200070c0   Data           0  startup_stm32f407xx.o(STACK)



==============================================================================

Memory Map of the image

  Image Entry point : 0x08000189

  Load Region LR_IROM1 (Base: 0x08000000, Size: 0x000084b8, Max: 0x00100000, ABSOLUTE)

    Execution Region ER_IROM1 (Exec base: 0x08000000, Load base: 0x08000000, Size: 0x00008458, Max: 0x00100000, ABSOLUTE)

    Exec Addr    Load Addr    Size         Type   Attr      Idx    E Section Name        Object

    0x08000000   0x08000000   0x00000188   Data   RO            3    RESET               startup_stm32f407xx.o
    0x08000188   0x08000188   0x00000000   Code   RO         2018  * .ARM.Collect$$$$00000000  mc_w.l(entry.o)
    0x08000188   0x08000188   0x00000004   Code   RO         2057    .ARM.Collect$$$$00000001  mc_w.l(entry2.o)
    0x0800018c   0x0800018c   0x00000004   Code   RO         2060    .ARM.Collect$$$$00000004  mc_w.l(entry5.o)
    0x08000190   0x08000190   0x00000000   Code   RO         2062    .ARM.Collect$$$$00000008  mc_w.l(entry7b.o)
    0x08000190   0x08000190   0x00000000   Code   RO         2064    .ARM.Collect$$$$0000000A  mc_w.l(entry8b.o)
    0x08000190   0x08000190   0x00000008   Code   RO         2065    .ARM.Collect$$$$0000000B  mc_w.l(entry9a.o)
    0x08000198   0x08000198   0x00000000   Code   RO         2067    .ARM.Collect$$$$0000000D  mc_w.l(entry10a.o)
    0x08000198   0x08000198   0x00000000   Code   RO         2069    .ARM.Collect$$$$0000000F  mc_w.l(entry11a.o)
    0x08000198   0x08000198   0x00000004   Code   RO         2058    .ARM.Collect$$$$00002712  mc_w.l(entry2.o)
    0x0800019c   0x0800019c   0x00000024   Code   RO            4    .text               startup_stm32f407xx.o
    0x080001c0   0x080001c0   0x00000062   Code   RO         2021    .text               mc_w.l(uldiv.o)
    0x08000222   0x08000222   0x00000024   Code   RO         2023    .text               mc_w.l(memcpya.o)
    0x08000246   0x08000246   0x00000024   Code   RO         2025    .text               mc_w.l(memseta.o)
    0x0800026a   0x0800026a   0x0000001e   Code   RO         2071    .text               mc_w.l(llshl.o)
    0x08000288   0x08000288   0x00000020   Code   RO         2073    .text               mc_w.l(llushr.o)
    0x080002a8   0x080002a8   0x00000024   Code   RO         2077    .text               mc_w.l(init.o)
    0x080002cc   0x080002cc   0x00000004   Code   RO          145    .text.BusFault_Handler  stm32f4xx_it.o
    0x080002d0   0x080002d0   0x00000010   Code   RO          153    .text.CAN1_RX0_IRQHandler  stm32f4xx_it.o
    0x080002e0   0x080002e0   0x00000010   Code   RO          163    .text.CAN2_RX0_IRQHandler  stm32f4xx_it.o
    0x080002f0   0x080002f0   0x00000010   Code   RO          151    .text.DMA1_Stream1_IRQHandler  stm32f4xx_it.o
    0x08000300   0x08000300   0x00000010   Code   RO          159    .text.DMA2_Stream1_IRQHandler  stm32f4xx_it.o
    0x08000310   0x08000310   0x00000010   Code   RO          161    .text.DMA2_Stream2_IRQHandler  stm32f4xx_it.o
    0x08000320   0x08000320   0x00000010   Code   RO          165    .text.DMA2_Stream6_IRQHandler  stm32f4xx_it.o
    0x08000330   0x08000330   0x00000010   Code   RO          167    .text.DMA2_Stream7_IRQHandler  stm32f4xx_it.o
    0x08000340   0x08000340   0x00000056   Code   RO          455    .text.DMA_CalcBaseAndBitshift  stm32f4xx_hal_dma.o
    0x08000396   0x08000396   0x00000002   PAD
    0x08000398   0x08000398   0x000000f8   Code   RO          453    .text.DMA_CheckFifoParam  stm32f4xx_hal_dma.o
    0x08000490   0x08000490   0x00000012   Code   RO           43    .text.DV_task       freertos.o
    0x080004a2   0x080004a2   0x00000002   PAD
    0x080004a4   0x080004a4   0x00000002   Code   RO          149    .text.DebugMon_Handler  stm32f4xx_it.o
    0x080004a6   0x080004a6   0x00000002   PAD
    0x080004a8   0x080004a8   0x0000000e   Code   RO           15    .text.Error_Handler  main.o
    0x080004b6   0x080004b6   0x00000002   PAD
    0x080004b8   0x080004b8   0x00000090   Code   RO         1711    .text.FireCMD       bspmotor.o
    0x08000548   0x08000548   0x0000000a   Code   RO         1736    .text.GetAmmoMeasure  canreceivedecom.o
    0x08000552   0x08000552   0x00000002   PAD
    0x08000554   0x08000554   0x00000020   Code   RO         1730    .text.GetFireMeasure  canreceivedecom.o
    0x08000574   0x08000574   0x0000000a   Code   RO         1734    .text.GetPitchMeasure  canreceivedecom.o
    0x0800057e   0x0800057e   0x00000002   PAD
    0x08000580   0x08000580   0x0000000a   Code   RO         1732    .text.GetYawMeasure  canreceivedecom.o
    0x0800058a   0x0800058a   0x00000002   PAD
    0x0800058c   0x0800058c   0x00000052   Code   RO          232    .text.HAL_CAN_ActivateNotification  stm32f4xx_hal_can.o
    0x080005de   0x080005de   0x00000002   PAD
    0x080005e0   0x080005e0   0x00000176   Code   RO          218    .text.HAL_CAN_AddTxMessage  stm32f4xx_hal_can.o
    0x08000756   0x08000756   0x00000002   PAD
    0x08000758   0x08000758   0x000001b4   Code   RO          208    .text.HAL_CAN_ConfigFilter  stm32f4xx_hal_can.o
    0x0800090c   0x0800090c   0x00000008   Code   RO          262    .text.HAL_CAN_ErrorCallback  stm32f4xx_hal_can.o
    0x08000914   0x08000914   0x000001fa   Code   RO          228    .text.HAL_CAN_GetRxMessage  stm32f4xx_hal_can.o
    0x08000b0e   0x08000b0e   0x00000002   PAD
    0x08000b10   0x08000b10   0x00000404   Code   RO          236    .text.HAL_CAN_IRQHandler  stm32f4xx_hal_can.o
    0x08000f14   0x08000f14   0x000001e4   Code   RO          198    .text.HAL_CAN_Init  stm32f4xx_hal_can.o
    0x080010f8   0x080010f8   0x0000018a   Code   RO           69    .text.HAL_CAN_MspInit  can.o
    0x08001282   0x08001282   0x00000002   PAD
    0x08001284   0x08001284   0x00000008   Code   RO          250    .text.HAL_CAN_RxFifo0FullCallback  stm32f4xx_hal_can.o
    0x0800128c   0x0800128c   0x000002c0   Code   RO         1728    .text.HAL_CAN_RxFifo0MsgPendingCallback  canreceivedecom.o
    0x0800154c   0x0800154c   0x00000008   Code   RO          254    .text.HAL_CAN_RxFifo1FullCallback  stm32f4xx_hal_can.o
    0x08001554   0x08001554   0x00000008   Code   RO          256    .text.HAL_CAN_RxFifo1MsgPendingCallback  stm32f4xx_hal_can.o
    0x0800155c   0x0800155c   0x00000008   Code   RO          258    .text.HAL_CAN_SleepCallback  stm32f4xx_hal_can.o
    0x08001564   0x08001564   0x0000008c   Code   RO          210    .text.HAL_CAN_Start  stm32f4xx_hal_can.o
    0x080015f0   0x080015f0   0x00000008   Code   RO          240    .text.HAL_CAN_TxMailbox0AbortCallback  stm32f4xx_hal_can.o
    0x080015f8   0x080015f8   0x00000008   Code   RO          238    .text.HAL_CAN_TxMailbox0CompleteCallback  stm32f4xx_hal_can.o
    0x08001600   0x08001600   0x00000008   Code   RO          244    .text.HAL_CAN_TxMailbox1AbortCallback  stm32f4xx_hal_can.o
    0x08001608   0x08001608   0x00000008   Code   RO          242    .text.HAL_CAN_TxMailbox1CompleteCallback  stm32f4xx_hal_can.o
    0x08001610   0x08001610   0x00000008   Code   RO          248    .text.HAL_CAN_TxMailbox2AbortCallback  stm32f4xx_hal_can.o
    0x08001618   0x08001618   0x00000008   Code   RO          246    .text.HAL_CAN_TxMailbox2CompleteCallback  stm32f4xx_hal_can.o
    0x08001620   0x08001620   0x00000008   Code   RO          260    .text.HAL_CAN_WakeUpFromRxMsgCallback  stm32f4xx_hal_can.o
    0x08001628   0x08001628   0x000000f4   Code   RO          465    .text.HAL_DMA_Abort  stm32f4xx_hal_dma.o
    0x0800171c   0x0800171c   0x00000044   Code   RO          467    .text.HAL_DMA_Abort_IT  stm32f4xx_hal_dma.o
    0x08001760   0x08001760   0x00000344   Code   RO          471    .text.HAL_DMA_IRQHandler  stm32f4xx_hal_dma.o
    0x08001aa4   0x08001aa4   0x00000178   Code   RO          451    .text.HAL_DMA_Init  stm32f4xx_hal_dma.o
    0x08001c1c   0x08001c1c   0x000003c2   Code   RO          413    .text.HAL_GPIO_Init  stm32f4xx_hal_gpio.o
    0x08001fde   0x08001fde   0x00000002   PAD
    0x08001fe0   0x08001fe0   0x00000030   Code   RO          417    .text.HAL_GPIO_ReadPin  stm32f4xx_hal_gpio.o
    0x08002010   0x08002010   0x0000000c   Code   RO          632    .text.HAL_GetTick   stm32f4xx_hal.o
    0x0800201c   0x0800201c   0x0000001a   Code   RO          630    .text.HAL_IncTick   stm32f4xx_hal.o
    0x08002036   0x08002036   0x00000002   PAD
    0x08002038   0x08002038   0x0000003c   Code   RO          620    .text.HAL_Init      stm32f4xx_hal.o
    0x08002074   0x08002074   0x000000c0   Code   RO          184    .text.HAL_InitTick  stm32f4xx_hal_timebase_tim.o
    0x08002134   0x08002134   0x00000058   Code   RO          176    .text.HAL_MspInit   stm32f4xx_hal_msp.o
    0x0800218c   0x0800218c   0x00000018   Code   RO          561    .text.HAL_NVIC_EnableIRQ  stm32f4xx_hal_cortex.o
    0x080021a4   0x080021a4   0x00000040   Code   RO          553    .text.HAL_NVIC_SetPriority  stm32f4xx_hal_cortex.o
    0x080021e4   0x080021e4   0x00000010   Code   RO          549    .text.HAL_NVIC_SetPriorityGrouping  stm32f4xx_hal_cortex.o
    0x080021f4   0x080021f4   0x00000264   Code   RO          281    .text.HAL_RCC_ClockConfig  stm32f4xx_hal_rcc.o
    0x08002458   0x08002458   0x00000054   Code   RO          299    .text.HAL_RCC_GetClockConfig  stm32f4xx_hal_rcc.o
    0x080024ac   0x080024ac   0x0000000c   Code   RO          291    .text.HAL_RCC_GetHCLKFreq  stm32f4xx_hal_rcc.o
    0x080024b8   0x080024b8   0x00000022   Code   RO          293    .text.HAL_RCC_GetPCLK1Freq  stm32f4xx_hal_rcc.o
    0x080024da   0x080024da   0x00000002   PAD
    0x080024dc   0x080024dc   0x00000022   Code   RO          295    .text.HAL_RCC_GetPCLK2Freq  stm32f4xx_hal_rcc.o
    0x080024fe   0x080024fe   0x00000002   PAD
    0x08002500   0x08002500   0x000000e8   Code   RO          283    .text.HAL_RCC_GetSysClockFreq  stm32f4xx_hal_rcc.o
    0x080025e8   0x080025e8   0x000006ca   Code   RO          279    .text.HAL_RCC_OscConfig  stm32f4xx_hal_rcc.o
    0x08002cb2   0x08002cb2   0x00000002   PAD
    0x08002cb4   0x08002cb4   0x00000008   Code   RO         1032    .text.HAL_TIMEx_BreakCallback  stm32f4xx_hal_tim_ex.o
    0x08002cbc   0x08002cbc   0x00000008   Code   RO         1028    .text.HAL_TIMEx_CommutCallback  stm32f4xx_hal_tim_ex.o
    0x08002cc4   0x08002cc4   0x00000122   Code   RO         1022    .text.HAL_TIMEx_MasterConfigSynchronization  stm32f4xx_hal_tim_ex.o
    0x08002de6   0x08002de6   0x00000002   PAD
    0x08002de8   0x08002de8   0x000000a6   Code   RO          709    .text.HAL_TIM_Base_Init  stm32f4xx_hal_tim.o
    0x08002e8e   0x08002e8e   0x00000002   PAD
    0x08002e90   0x08002e90   0x0000003e   Code   RO           99    .text.HAL_TIM_Base_MspInit  tim.o
    0x08002ece   0x08002ece   0x00000002   PAD
    0x08002ed0   0x08002ed0   0x000000f6   Code   RO          723    .text.HAL_TIM_Base_Start_IT  stm32f4xx_hal_tim.o
    0x08002fc6   0x08002fc6   0x00000002   PAD
    0x08002fc8   0x08002fc8   0x00000008   Code   RO          845    .text.HAL_TIM_IC_CaptureCallback  stm32f4xx_hal_tim.o
    0x08002fd0   0x08002fd0   0x00000282   Code   RO          843    .text.HAL_TIM_IRQHandler  stm32f4xx_hal_tim.o
    0x08003252   0x08003252   0x00000002   PAD
    0x08003254   0x08003254   0x0000006c   Code   RO           93    .text.HAL_TIM_MspPostInit  tim.o
    0x080032c0   0x080032c0   0x00000008   Code   RO          847    .text.HAL_TIM_OC_DelayElapsedCallback  stm32f4xx_hal_tim.o
    0x080032c8   0x080032c8   0x00000142   Code   RO          875    .text.HAL_TIM_PWM_ConfigChannel  stm32f4xx_hal_tim.o
    0x0800340a   0x0800340a   0x00000002   PAD
    0x0800340c   0x0800340c   0x000000a6   Code   RO          763    .text.HAL_TIM_PWM_Init  stm32f4xx_hal_tim.o
    0x080034b2   0x080034b2   0x00000002   PAD
    0x080034b4   0x080034b4   0x0000003e   Code   RO           97    .text.HAL_TIM_PWM_MspInit  tim.o
    0x080034f2   0x080034f2   0x00000002   PAD
    0x080034f4   0x080034f4   0x00000008   Code   RO          849    .text.HAL_TIM_PWM_PulseFinishedCallback  stm32f4xx_hal_tim.o
    0x080034fc   0x080034fc   0x000001d0   Code   RO          771    .text.HAL_TIM_PWM_Start  stm32f4xx_hal_tim.o
    0x080036cc   0x080036cc   0x00000022   Code   RO           17    .text.HAL_TIM_PeriodElapsedCallback  main.o
    0x080036ee   0x080036ee   0x00000002   PAD
    0x080036f0   0x080036f0   0x00000008   Code   RO          853    .text.HAL_TIM_TriggerCallback  stm32f4xx_hal_tim.o
    0x080036f8   0x080036f8   0x0000000e   Code   RO         1135    .text.HAL_UARTEx_RxEventCallback  stm32f4xx_hal_uart.o
    0x08003706   0x08003706   0x00000002   PAD
    0x08003708   0x08003708   0x00000008   Code   RO         1133    .text.HAL_UART_ErrorCallback  stm32f4xx_hal_uart.o
    0x08003710   0x08003710   0x00000430   Code   RO         1127    .text.HAL_UART_IRQHandler  stm32f4xx_hal_uart.o
    0x08003b40   0x08003b40   0x000000a0   Code   RO         1045    .text.HAL_UART_Init  stm32f4xx_hal_uart.o
    0x08003be0   0x08003be0   0x000003c6   Code   RO          120    .text.HAL_UART_MspInit  usart.o
    0x08003fa6   0x08003fa6   0x00000002   PAD
    0x08003fa8   0x08003fa8   0x00000008   Code   RO         1145    .text.HAL_UART_RxCpltCallback  stm32f4xx_hal_uart.o
    0x08003fb0   0x08003fb0   0x00000008   Code   RO         1141    .text.HAL_UART_TxCpltCallback  stm32f4xx_hal_uart.o
    0x08003fb8   0x08003fb8   0x00000004   Code   RO          141    .text.HardFault_Handler  stm32f4xx_it.o
    0x08003fbc   0x08003fbc   0x00000048   Code   RO           65    .text.MX_CAN1_Init  can.o
    0x08004004   0x08004004   0x00000048   Code   RO           67    .text.MX_CAN2_Init  can.o
    0x0800404c   0x0800404c   0x000000aa   Code   RO           83    .text.MX_DMA_Init   dma.o
    0x080040f6   0x080040f6   0x00000002   PAD
    0x080040f8   0x080040f8   0x00000102   Code   RO           37    .text.MX_FREERTOS_Init  freertos.o
    0x080041fa   0x080041fa   0x00000002   PAD
    0x080041fc   0x080041fc   0x0000011c   Code   RO           27    .text.MX_GPIO_Init  gpio.o
    0x08004318   0x08004318   0x00000036   Code   RO           95    .text.MX_TIM10_Init  tim.o
    0x0800434e   0x0800434e   0x00000002   PAD
    0x08004350   0x08004350   0x000000e0   Code   RO           91    .text.MX_TIM5_Init  tim.o
    0x08004430   0x08004430   0x0000003c   Code   RO          114    .text.MX_USART1_UART_Init  usart.o
    0x0800446c   0x0800446c   0x00000044   Code   RO          116    .text.MX_USART3_UART_Init  usart.o
    0x080044b0   0x080044b0   0x0000003c   Code   RO          118    .text.MX_USART6_UART_Init  usart.o
    0x080044ec   0x080044ec   0x00000004   Code   RO          143    .text.MemManage_Handler  stm32f4xx_it.o
    0x080044f0   0x080044f0   0x00000004   Code   RO          139    .text.NMI_Handler   stm32f4xx_it.o
    0x080044f4   0x080044f4   0x0000006e   Code   RO          559    .text.NVIC_EncodePriority  stm32f4xx_hal_cortex.o
    0x08004562   0x08004562   0x00000002   PAD
    0x08004564   0x08004564   0x0000024e   Code   RO         1833    .text.PID_calc      pid.o
    0x080047b2   0x080047b2   0x00000002   PAD
    0x080047b4   0x080047b4   0x00000082   Code   RO         1831    .text.PID_init      pid.o
    0x08004836   0x08004836   0x0000000a   PAD
    0x08004840   0x08004840   0x00000064   Code   RO         1659    .text.PendSV_Handler  port.o
    0x080048a4   0x080048a4   0x000000b8   Code   RO         1713    .text.Position_CMD  bspmotor.o
    0x0800495c   0x0800495c   0x000000a4   Code   RO         1687    .text.RC_Init       bsp_rc.o
    0x08004a00   0x08004a00   0x00000054   Code   RO         2000    .text.RefereeTask   refereetask_1.o
    0x08004a54   0x08004a54   0x0000000c   PAD
    0x08004a60   0x08004a60   0x00000024   Code   RO         1643    .text.SVC_Handler   port.o
    0x08004a84   0x08004a84   0x00000012   Code   RO           39    .text.StartDefaultTask  freertos.o
    0x08004a96   0x08004a96   0x00000002   PAD
    0x08004a98   0x08004a98   0x0000003e   Code   RO         1661    .text.SysTick_Handler  port.o
    0x08004ad6   0x08004ad6   0x00000002   PAD
    0x08004ad8   0x08004ad8   0x000000c0   Code   RO           13    .text.SystemClock_Config  main.o
    0x08004b98   0x08004b98   0x00000012   Code   RO         1174    .text.SystemInit    system_stm32f4xx.o
    0x08004baa   0x08004baa   0x00000002   PAD
    0x08004bac   0x08004bac   0x00000010   Code   RO          157    .text.TIM7_IRQHandler  stm32f4xx_it.o
    0x08004bbc   0x08004bbc   0x0000019a   Code   RO          713    .text.TIM_Base_SetConfig  stm32f4xx_hal_tim.o
    0x08004d56   0x08004d56   0x00000002   PAD
    0x08004d58   0x08004d58   0x00000038   Code   RO          747    .text.TIM_CCxChannelCmd  stm32f4xx_hal_tim.o
    0x08004d90   0x08004d90   0x000000ea   Code   RO          857    .text.TIM_OC1_SetConfig  stm32f4xx_hal_tim.o
    0x08004e7a   0x08004e7a   0x00000002   PAD
    0x08004e7c   0x08004e7c   0x000000f4   Code   RO          859    .text.TIM_OC2_SetConfig  stm32f4xx_hal_tim.o
    0x08004f70   0x08004f70   0x000000f2   Code   RO          861    .text.TIM_OC3_SetConfig  stm32f4xx_hal_tim.o
    0x08005062   0x08005062   0x00000002   PAD
    0x08005064   0x08005064   0x000000a4   Code   RO          863    .text.TIM_OC4_SetConfig  stm32f4xx_hal_tim.o
    0x08005108   0x08005108   0x00000020   Code   RO         1131    .text.UART_DMAAbortOnError  stm32f4xx_hal_uart.o
    0x08005128   0x08005128   0x00000094   Code   RO         1093    .text.UART_EndRxTransfer  stm32f4xx_hal_uart.o
    0x080051bc   0x080051bc   0x00000026   Code   RO         1139    .text.UART_EndTransmit_IT  stm32f4xx_hal_uart.o
    0x080051e2   0x080051e2   0x00000002   PAD
    0x080051e4   0x080051e4   0x0000016a   Code   RO         1129    .text.UART_Receive_IT  stm32f4xx_hal_uart.o
    0x0800534e   0x0800534e   0x00000002   PAD
    0x08005350   0x08005350   0x00000156   Code   RO         1049    .text.UART_SetConfig  stm32f4xx_hal_uart.o
    0x080054a6   0x080054a6   0x00000002   PAD
    0x080054a8   0x080054a8   0x00000098   Code   RO         1137    .text.UART_Transmit_IT  stm32f4xx_hal_uart.o
    0x08005540   0x08005540   0x00000010   Code   RO          155    .text.USART1_IRQHandler  stm32f4xx_it.o
    0x08005550   0x08005550   0x00000148   Code   RO         1774    .text.USART3_IRQHandler  remote_control.o
    0x08005698   0x08005698   0x0000011a   Code   RO         2004    .text.USART6_IRQHandler  refereetask_1.o
    0x080057b2   0x080057b2   0x00000002   PAD
    0x080057b4   0x080057b4   0x00000004   Code   RO          147    .text.UsageFault_Handler  stm32f4xx_it.o
    0x080057b8   0x080057b8   0x00000034   Code   RO          563    .text.__NVIC_EnableIRQ  stm32f4xx_hal_cortex.o
    0x080057ec   0x080057ec   0x00000010   Code   RO          555    .text.__NVIC_GetPriorityGrouping  stm32f4xx_hal_cortex.o
    0x080057fc   0x080057fc   0x00000044   Code   RO          557    .text.__NVIC_SetPriority  stm32f4xx_hal_cortex.o
    0x08005840   0x08005840   0x0000003c   Code   RO          551    .text.__NVIC_SetPriorityGrouping  stm32f4xx_hal_cortex.o
    0x0800587c   0x0800587c   0x00000082   Code   RO         1726    .text.can_filter_init  canreceivedecom.o
    0x080058fe   0x080058fe   0x00000002   PAD
    0x08005900   0x08005900   0x00000064   Code   RO         1887    .text.fifo_s_get    fifo.o
    0x08005964   0x08005964   0x00000038   Code   RO         1877    .text.fifo_s_init   fifo.o
    0x0800599c   0x0800599c   0x0000010e   Code   RO         1883    .text.fifo_s_puts   fifo.o
    0x08005aaa   0x08005aaa   0x00000002   PAD
    0x08005aac   0x08005aac   0x0000000c   Code   RO         1901    .text.fifo_s_used   fifo.o
    0x08005ab8   0x08005ab8   0x0000006c   Code   RO         1948    .text.get_CRC16_check_sum  crc8_crc16.o
    0x08005b24   0x08005b24   0x00000048   Code   RO         1942    .text.get_CRC8_check_sum  crc8_crc16.o
    0x08005b6c   0x08005b6c   0x0000000a   Code   RO         1764    .text.get_remote_control_point  remote_control.o
    0x08005b76   0x08005b76   0x00000002   PAD
    0x08005b78   0x08005b78   0x000000fe   Code   RO         1788    .text.init_referee_struct_data  refereebehaviour.o
    0x08005c76   0x08005c76   0x00000002   PAD
    0x08005c78   0x08005c78   0x00000046   Code   RO           11    .text.main          main.o
    0x08005cbe   0x08005cbe   0x00000002   PAD
    0x08005cc0   0x08005cc0   0x0000002a   Code   RO         1498    .text.makeFreeRtosPriority  cmsis_os.o
    0x08005cea   0x08005cea   0x00000002   PAD
    0x08005cec   0x08005cec   0x0000002a   Code   RO         1512    .text.osDelay       cmsis_os.o
    0x08005d16   0x08005d16   0x00000002   PAD
    0x08005d18   0x08005d18   0x0000000c   Code   RO         1578    .text.osDelayUntil  cmsis_os.o
    0x08005d24   0x08005d24   0x0000000a   Code   RO         1488    .text.osKernelStart  cmsis_os.o
    0x08005d2e   0x08005d2e   0x00000002   PAD
    0x08005d30   0x08005d30   0x000000a4   Code   RO         1496    .text.osThreadCreate  cmsis_os.o
    0x08005dd4   0x08005dd4   0x000000fc   Code   RO         1372    .text.prvAddCurrentTaskToDelayedList  tasks.o
    0x08005ed0   0x08005ed0   0x0000011c   Code   RO         1358    .text.prvAddNewTaskToReadyList  tasks.o
    0x08005fec   0x08005fec   0x0000005e   Code   RO         1456    .text.prvCheckTasksWaitingTermination  tasks.o
    0x0800604a   0x0800604a   0x00000002   PAD
    0x0800604c   0x0800604c   0x00000060   Code   RO         1364    .text.prvDeleteTCB  tasks.o
    0x080060ac   0x080060ac   0x000000be   Code   RO         1610    .text.prvHeapInit   heap_4.o
    0x0800616a   0x0800616a   0x00000002   PAD
    0x0800616c   0x0800616c   0x00000038   Code   RO         1394    .text.prvIdleTask   tasks.o
    0x080061a4   0x080061a4   0x00000118   Code   RO         1356    .text.prvInitialiseNewTask  tasks.o
    0x080062bc   0x080062bc   0x0000008e   Code   RO         1454    .text.prvInitialiseTaskLists  tasks.o
    0x0800634a   0x0800634a   0x00000002   PAD
    0x0800634c   0x0800634c   0x000000c6   Code   RO         1612    .text.prvInsertBlockIntoFreeList  heap_4.o
    0x08006412   0x08006412   0x00000002   PAD
    0x08006414   0x08006414   0x00000028   Code   RO         1651    .text.prvPortStartFirstTask  port.o
    0x0800643c   0x0800643c   0x00000048   Code   RO         1366    .text.prvResetNextTaskUnblockTime  tasks.o
    0x08006484   0x08006484   0x00000050   Code   RO         1641    .text.prvTaskExitError  port.o
    0x080064d4   0x080064d4   0x000001fa   Code   RO         1608    .text.pvPortMalloc  heap_4.o
    0x080066ce   0x080066ce   0x00000002   PAD
    0x080066d0   0x080066d0   0x0000005e   Code   RO         1639    .text.pxPortInitialiseStack  port.o
    0x0800672e   0x0800672e   0x00000002   PAD
    0x08006730   0x08006730   0x00000312   Code   RO         1790    .text.referee_data_solve  refereebehaviour.o
    0x08006a42   0x08006a42   0x00000002   PAD
    0x08006a44   0x08006a44   0x000001ee   Code   RO         2002    .text.referee_unpack_fifo_data  refereetask_1.o
    0x08006c32   0x08006c32   0x00000002   PAD
    0x08006c34   0x08006c34   0x00000016   Code   RO         1762    .text.remote_control_init  remote_control.o
    0x08006c4a   0x08006c4a   0x00000002   PAD
    0x08006c4c   0x08006c4c   0x00000124   Code   RO         1776    .text.sbus_to_rc    remote_control.o
    0x08006d70   0x08006d70   0x00000174   Code   RO         1972    .text.shoot_current  shoot_task.o
    0x08006ee4   0x08006ee4   0x0000013c   Code   RO         1968    .text.shoot_init    shoot_task.o
    0x08007020   0x08007020   0x000001b8   Code   RO         1970    .text.shoot_setloop  shoot_task.o
    0x080071d8   0x080071d8   0x0000005a   Code   RO         1966    .text.shoot_task    shoot_task.o
    0x08007232   0x08007232   0x00000002   PAD
    0x08007234   0x08007234   0x0000003a   Code   RO         1992    .text.sys_int       system.o
    0x0800726e   0x0800726e   0x00000002   PAD
    0x08007270   0x08007270   0x00000196   Code   RO         1700    .text.usart6_init   bsp_referee.o
    0x08007406   0x08007406   0x00000002   PAD
    0x08007408   0x08007408   0x00000048   Code   RO         1226    .text.uxListRemove  list.o
    0x08007450   0x08007450   0x0000002a   Code   RO           35    .text.vApplicationGetIdleTaskMemory  freertos.o
    0x0800747a   0x0800747a   0x00000002   PAD
    0x0800747c   0x0800747c   0x0000002e   Code   RO         1218    .text.vListInitialise  list.o
    0x080074aa   0x080074aa   0x00000002   PAD
    0x080074ac   0x080074ac   0x0000000e   Code   RO         1220    .text.vListInitialiseItem  list.o
    0x080074ba   0x080074ba   0x00000002   PAD
    0x080074bc   0x080074bc   0x0000006c   Code   RO         1224    .text.vListInsert   list.o
    0x08007528   0x08007528   0x0000003a   Code   RO         1222    .text.vListInsertEnd  list.o
    0x08007562   0x08007562   0x00000002   PAD
    0x08007564   0x08007564   0x00000014   Code   RO         1649    .text.vPortEnableVFP  port.o
    0x08007578   0x08007578   0x00000058   Code   RO         1655    .text.vPortEnterCritical  port.o
    0x080075d0   0x080075d0   0x0000004e   Code   RO         1657    .text.vPortExitCritical  port.o
    0x0800761e   0x0800761e   0x00000002   PAD
    0x08007620   0x08007620   0x000000d4   Code   RO         1614    .text.vPortFree     heap_4.o
    0x080076f4   0x080076f4   0x00000044   Code   RO         1647    .text.vPortSetupTimerInterrupt  port.o
    0x08007738   0x08007738   0x00000074   Code   RO         1368    .text.vTaskDelay    tasks.o
    0x080077ac   0x080077ac   0x000000d6   Code   RO         1392    .text.vTaskStartScheduler  tasks.o
    0x08007882   0x08007882   0x00000002   PAD
    0x08007884   0x08007884   0x00000010   Code   RO         1370    .text.vTaskSuspendAll  tasks.o
    0x08007894   0x08007894   0x000000c2   Code   RO         1384    .text.vTaskSwitchContext  tasks.o
    0x08007956   0x08007956   0x00000002   PAD
    0x08007958   0x08007958   0x0000007e   Code   RO         1950    .text.verify_CRC16_check_sum  crc8_crc16.o
    0x080079d6   0x080079d6   0x00000002   PAD
    0x080079d8   0x080079d8   0x00000054   Code   RO         1944    .text.verify_CRC8_check_sum  crc8_crc16.o
    0x08007a2c   0x08007a2c   0x00000156   Code   RO         1645    .text.xPortStartScheduler  port.o
    0x08007b82   0x08007b82   0x00000002   PAD
    0x08007b84   0x08007b84   0x000000b2   Code   RO         1360    .text.xTaskCreate   tasks.o
    0x08007c36   0x08007c36   0x00000002   PAD
    0x08007c38   0x08007c38   0x000000d6   Code   RO         1354    .text.xTaskCreateStatic  tasks.o
    0x08007d0e   0x08007d0e   0x00000002   PAD
    0x08007d10   0x08007d10   0x000001c8   Code   RO         1398    .text.xTaskIncrementTick  tasks.o
    0x08007ed8   0x08007ed8   0x0000018c   Code   RO         1374    .text.xTaskResumeAll  tasks.o
    0x08008064   0x08008064   0x0000000e   Code   RO         2081    i.__scatterload_copy  mc_w.l(handlers.o)
    0x08008072   0x08008072   0x00000002   Code   RO         2082    i.__scatterload_null  mc_w.l(handlers.o)
    0x08008074   0x08008074   0x0000000e   Code   RO         2083    i.__scatterload_zeroinit  mc_w.l(handlers.o)
    0x08008082   0x08008082   0x00000002   PAD
    0x08008084   0x08008084   0x0000001c   Data   RO           54    .rodata..L__const.MX_FREERTOS_Init.os_thread_def_DV  freertos.o
    0x080080a0   0x080080a0   0x0000001c   Data   RO           50    .rodata..L__const.MX_FREERTOS_Init.os_thread_def_defaultTask  freertos.o
    0x080080bc   0x080080bc   0x0000001c   Data   RO           56    .rodata..L__const.MX_FREERTOS_Init.os_thread_def_referee  freertos.o
    0x080080d8   0x080080d8   0x0000001c   Data   RO           52    .rodata..L__const.MX_FREERTOS_Init.os_thread_def_shoot  freertos.o
    0x080080f4   0x080080f4   0x00000010   Data   RO         1179    .rodata.AHBPrescTable  system_stm32f4xx.o
    0x08008104   0x08008104   0x00000008   Data   RO         1180    .rodata.APBPrescTable  system_stm32f4xx.o
    0x0800810c   0x0800810c   0x00000100   Data   RO         1955    .rodata.CRC8_table  crc8_crc16.o
    0x0800820c   0x0800820c   0x00000008   Data   RO          481    .rodata.DMA_CalcBaseAndBitshift.flagBitshiftOffset  stm32f4xx_hal_dma.o
    0x08008214   0x08008214   0x0000001d   Data   RO           49    .rodata.str1.1      freertos.o
    0x08008231   0x08008231   0x00000005   Data   RO         1469    .rodata.str1.1      tasks.o
    0x08008236   0x08008236   0x00000200   Data   RO         1957    .rodata.wCRC_table  crc8_crc16.o
    0x08008436   0x08008436   0x00000002   PAD
    0x08008438   0x08008438   0x00000020   Data   RO         2080    Region$$Table       anon$$obj.o


    Execution Region RW_IRAM1 (Exec base: 0x20000000, Load base: 0x08008458, Size: 0x000070c0, Max: 0x0001c000, ABSOLUTE)

    Exec Addr    Load Addr    Size         Type   Attr      Idx    E Section Name        Object

    0x20000000   0x08008458   0x00000004   Data   RW         1978    .data.Ammo_Speed    shoot_task.o
    0x20000004   0x0800845c   0x00000002   Data   RW         1956    .data.CRC16_INIT    crc8_crc16.o
    0x20000006   0x0800845e   0x00000002   PAD
    0x20000008   0x08008460   0x00000030   Data   RW         1974    .data.Fire_Pid      shoot_task.o
    0x20000038   0x08008490   0x00000004   Data   RW         1979    .data.Fire_Speed    shoot_task.o
    0x2000003c   0x08008494   0x00000004   Data   RW         1178    .data.SystemCoreClock  system_stm32f4xx.o
    0x20000040   0x08008498   0x0000000c   Data   RW         1975    .data.YawPid        shoot_task.o
    0x2000004c   0x080084a4   0x00000004   Data   RW         1980    .data.pitch_speed   shoot_task.o
    0x20000050   0x080084a8   0x00000001   Data   RW          675    .data.uwTickFreq    stm32f4xx_hal.o
    0x20000051   0x080084a9   0x00000003   PAD
    0x20000054   0x080084ac   0x00000004   Data   RW          674    .data.uwTickPrio    stm32f4xx_hal.o
    0x20000058   0x080084b0   0x00000004   Data   RW         1667    .data.uxCriticalNesting  port.o
    0x2000005c   0x080084b4   0x00000004   Data   RW         1981    .data.yaw_speed     shoot_task.o
    0x20000060        -       0x00000014   Zero   RW         1741    .bss.AmmoMotor      canreceivedecom.o
    0x20000074        -       0x00000004   Zero   RW           55    .bss.DVHandle       freertos.o
    0x20000078        -       0x00000050   Zero   RW         1739    .bss.FireMotor      canreceivedecom.o
    0x200000c8        -       0x00000001   Zero   RW         1738    .bss.HAL_CAN_RxFifo0MsgPendingCallback.i  canreceivedecom.o
    0x200000c9   0x080084b8   0x00000003   PAD
    0x200000cc        -       0x00000004   Zero   RW           75    .bss.HAL_RCC_CAN1_CLK_ENABLED  can.o
    0x200000d0        -       0x00000014   Zero   RW         1742    .bss.PitchMotor     canreceivedecom.o
    0x200000e4        -       0x00000002   Zero   RW         1780    .bss.USART3_IRQHandler.this_time_rx_len  remote_control.o
    0x200000e6        -       0x00000002   Zero   RW         2011    .bss.USART6_IRQHandler.this_time_rx_len  refereetask_1.o
    0x200000e8        -       0x00000014   Zero   RW         1740    .bss.YawMotor       canreceivedecom.o
    0x200000fc        -       0x00000001   Zero   RW         1814    .bss.buff_musk_t    refereebehaviour.o
    0x200000fd   0x080084b8   0x00000001   PAD
    0x200000fe        -       0x00000006   Zero   RW         1818    .bss.bullet_remaining_t  refereebehaviour.o
    0x20000104        -       0x00000008   Zero   RW         1716    .bss.can_send_data_l  bspmotor.o
    0x2000010c        -       0x00000018   Zero   RW         1717    .bss.can_tx_message_2  bspmotor.o
    0x20000124        -       0x00000018   Zero   RW         1718    .bss.can_tx_message_3  bspmotor.o
    0x2000013c        -       0x00000018   Zero   RW         1715    .bss.can_tx_message_l  bspmotor.o
    0x20000154        -       0x00000006   Zero   RW         1822    .bss.dart_client_cmd_t  refereebehaviour.o
    0x2000015a        -       0x00000001   Zero   RW         1821    .bss.dart_remaining_time_t  refereebehaviour.o
    0x2000015b   0x080084b8   0x00000001   PAD
    0x2000015c        -       0x00000004   Zero   RW           51    .bss.defaultTaskHandle  freertos.o
    0x20000160        -       0x00000004   Zero   RW         1807    .bss.field_event    refereebehaviour.o
    0x20000164        -       0x00000001   Zero   RW         1805    .bss.game_result    refereebehaviour.o
    0x20000165   0x080084b8   0x00000001   PAD
    0x20000166        -       0x00000020   Zero   RW         1806    .bss.game_robot_HP_t  refereebehaviour.o
    0x20000186   0x080084b8   0x00000002   PAD
    0x20000188        -       0x00000010   Zero   RW         1813    .bss.game_robot_pos_t  refereebehaviour.o
    0x20000198        -       0x0000000b   Zero   RW         1804    .bss.game_state     refereebehaviour.o
    0x200001a3   0x080084b8   0x00000001   PAD
    0x200001a4        -       0x00000028   Zero   RW           73    .bss.hcan1          can.o
    0x200001cc        -       0x00000028   Zero   RW           74    .bss.hcan2          can.o
    0x200001f4        -       0x00000060   Zero   RW          128    .bss.hdma_usart1_rx  usart.o
    0x20000254        -       0x00000060   Zero   RW          127    .bss.hdma_usart1_tx  usart.o
    0x200002b4        -       0x00000060   Zero   RW          129    .bss.hdma_usart3_rx  usart.o
    0x20000314        -       0x00000060   Zero   RW          130    .bss.hdma_usart6_rx  usart.o
    0x20000374        -       0x00000060   Zero   RW          131    .bss.hdma_usart6_tx  usart.o
    0x200003d4        -       0x00000048   Zero   RW          106    .bss.htim10         tim.o
    0x2000041c        -       0x00000048   Zero   RW          105    .bss.htim5          tim.o
    0x20000464        -       0x00000048   Zero   RW          190    .bss.htim7          stm32f4xx_hal_timebase_tim.o
    0x200004ac        -       0x00000044   Zero   RW          124    .bss.huart1         usart.o
    0x200004f0        -       0x00000044   Zero   RW          125    .bss.huart3         usart.o
    0x20000534        -       0x00000044   Zero   RW          126    .bss.huart6         usart.o
    0x20000578        -       0x00000010   Zero   RW         1812    .bss.power_heat_data_t  refereebehaviour.o
    0x20000588        -       0x00000004   Zero   RW         1458    .bss.pxCurrentTCB   tasks.o
    0x2000058c        -       0x00000004   Zero   RW         1475    .bss.pxDelayedTaskList  tasks.o
    0x20000590        -       0x00000004   Zero   RW         1624    .bss.pxEnd          heap_4.o
    0x20000594        -       0x00000004   Zero   RW         1476    .bss.pxOverflowDelayedTaskList  tasks.o
    0x20000598        -       0x0000008c   Zero   RW         1459    .bss.pxReadyTasksLists  tasks.o
    0x20000624        -       0x00000016   Zero   RW         1779    .bss.rc_ctrl        remote_control.o
    0x2000063a   0x080084b8   0x00000002   PAD
    0x2000063c        -       0x00000004   Zero   RW           57    .bss.refereeHandle  freertos.o
    0x20000640        -       0x00000018   Zero   RW         2006    .bss.referee_fifo   refereetask_1.o
    0x20000658        -       0x00000400   Zero   RW         2007    .bss.referee_fifo_buf  refereetask_1.o
    0x20000a58        -       0x00000005   Zero   RW         1802    .bss.referee_receive_header  refereebehaviour.o
    0x20000a5d        -       0x00000005   Zero   RW         1803    .bss.referee_send_header  refereebehaviour.o
    0x20000a62        -       0x00000089   Zero   RW         2009    .bss.referee_unpack_obj  refereetask_1.o
    0x20000aeb        -       0x00000002   Zero   RW         1810    .bss.referee_warning_t  refereebehaviour.o
    0x20000aed   0x080084b8   0x00000003   PAD
    0x20000af0        -       0x00000004   Zero   RW         1819    .bss.rfid_status_t  refereebehaviour.o
    0x20000af4        -       0x00000001   Zero   RW         1815    .bss.robot_energy_t  refereebehaviour.o
    0x20000af5        -       0x00000001   Zero   RW         1816    .bss.robot_hurt_t   refereebehaviour.o
    0x20000af6        -       0x0000001d   Zero   RW         1811    .bss.robot_state    refereebehaviour.o
    0x20000b13        -       0x00000048   Zero   RW         1778    .bss.sbus_rx_buf    remote_control.o
    0x20000b5b   0x080084b8   0x00000001   PAD
    0x20000b5c        -       0x00000238   Zero   RW         1984    .bss.shoot          shoot_task.o
    0x20000d94        -       0x00000004   Zero   RW           53    .bss.shootHandle    freertos.o
    0x20000d98        -       0x00000007   Zero   RW         1817    .bss.shoot_data_t   refereebehaviour.o
    0x20000d9f   0x080084b8   0x00000001   PAD
    0x20000da0        -       0x00000006   Zero   RW         1820    .bss.student_interactive_data_t  refereebehaviour.o
    0x20000da6        -       0x00000004   Zero   RW         1808    .bss.supply_projectile_action_t  refereebehaviour.o
    0x20000daa        -       0x00000003   Zero   RW         1809    .bss.supply_projectile_booking_t  refereebehaviour.o
    0x20000dad        -       0x00003c00   Zero   RW         1631    .bss.ucHeap         heap_4.o
    0x200049ad        -       0x00000001   Zero   RW         1665    .bss.ucMaxSysCallPriority  port.o
    0x200049ae   0x080084b8   0x00000002   PAD
    0x200049b0        -       0x00000004   Zero   RW         1666    .bss.ulMaxPRIGROUPValue  port.o
    0x200049b4        -       0x00000400   Zero   RW         2008    .bss.usart6_buf     refereetask_1.o
    0x20004db4        -       0x00000004   Zero   RW          676    .bss.uwTick         stm32f4xx_hal.o
    0x20004db8        -       0x00000004   Zero   RW         1464    .bss.uxCurrentNumberOfTasks  tasks.o
    0x20004dbc        -       0x00000004   Zero   RW         1463    .bss.uxDeletedTasksWaitingCleanUp  tasks.o
    0x20004dc0        -       0x00000004   Zero   RW         1466    .bss.uxSchedulerSuspended  tasks.o
    0x20004dc4        -       0x00000004   Zero   RW         1461    .bss.uxTaskNumber   tasks.o
    0x20004dc8        -       0x00000004   Zero   RW         1460    .bss.uxTopReadyPriority  tasks.o
    0x20004dcc        -       0x00000004   Zero   RW         1625    .bss.xBlockAllocatedBit  heap_4.o
    0x20004dd0        -       0x00000014   Zero   RW         1478    .bss.xDelayedTaskList1  tasks.o
    0x20004de4        -       0x00000014   Zero   RW         1479    .bss.xDelayedTaskList2  tasks.o
    0x20004df8        -       0x00000004   Zero   RW         1626    .bss.xFreeBytesRemaining  heap_4.o
    0x20004dfc        -       0x00000200   Zero   RW           48    .bss.xIdleStack     freertos.o
    0x20004ffc        -       0x00000004   Zero   RW         1470    .bss.xIdleTaskHandle  tasks.o
    0x20005000        -       0x00000054   Zero   RW           47    .bss.xIdleTaskTCBBuffer  freertos.o
    0x20005054        -       0x00000004   Zero   RW         1628    .bss.xMinimumEverFreeBytesRemaining  heap_4.o
    0x20005058        -       0x00000004   Zero   RW         1471    .bss.xNextTaskUnblockTime  tasks.o
    0x2000505c        -       0x00000004   Zero   RW         1477    .bss.xNumOfOverflows  tasks.o
    0x20005060        -       0x00000004   Zero   RW         1629    .bss.xNumberOfSuccessfulAllocations  heap_4.o
    0x20005064        -       0x00000004   Zero   RW         1630    .bss.xNumberOfSuccessfulFrees  heap_4.o
    0x20005068        -       0x00000004   Zero   RW         1474    .bss.xPendedTicks   tasks.o
    0x2000506c        -       0x00000014   Zero   RW         1468    .bss.xPendingReadyList  tasks.o
    0x20005080        -       0x00000004   Zero   RW         1465    .bss.xSchedulerRunning  tasks.o
    0x20005084        -       0x00000008   Zero   RW         1627    .bss.xStart         heap_4.o
    0x2000508c        -       0x00000014   Zero   RW         1467    .bss.xSuspendedTaskList  tasks.o
    0x200050a0        -       0x00000014   Zero   RW         1462    .bss.xTasksWaitingTermination  tasks.o
    0x200050b4        -       0x00000004   Zero   RW         1472    .bss.xTickCount     tasks.o
    0x200050b8        -       0x00000004   Zero   RW         1473    .bss.xYieldPending  tasks.o
    0x200050bc   0x080084b8   0x00000004   PAD
    0x200050c0        -       0x00002000   Zero   RW            1    STACK               startup_stm32f407xx.o


    Execution Region RW_IRAM2 (Exec base: 0x2001c000, Load base: 0x080084b8, Size: 0x00000000, Max: 0x00004000, ABSOLUTE)

    **** No section assigned to this execution region ****


==============================================================================

Image component sizes


      Code (inc. data)   RO Data    RW Data    ZI Data      Debug   Object Name

       164          0          0          0          0       1168   bsp_rc.o
       406          0          0          0          0       1478   bsp_referee.o
       328          0          0          0         80       1870   bspmotor.o
       538          0          0          0         84       6414   can.o
       896         12          0          0        141       4323   canreceivedecom.o
       270          0          0          0          0      16124   cmsis_os.o
       390          0        768          2          0       2129   crc8_crc16.o
       170          0          0          0          0       3278   dma.o
       438          0          0          0          0       9379   fifo.o
       336          0        141          0        612       3244   freertos.o
       284          0          0          0          0       2086   gpio.o
      1106          0          0          0      15392       4375   heap_4.o
       298          0          0          0          0       2174   list.o
       310          0          0          0          0       5607   main.o
       720          0          0          0          0       1955   pid.o
      1008         16          0          4          5       3802   port.o
      1040          0          0          0        161       6590   refereebehaviour.o
       860          6          0          0       2211       3038   refereetask_1.o
       652          0          0          0         96       3195   remote_control.o
      1218         24          0         76        568       3746   shoot_task.o
        36          8        392          0       8192        792   startup_stm32f407xx.o
        98          0          0          5          4       7114   stm32f4xx_hal.o
      3146          0          0          0          0      11328   stm32f4xx_hal_can.o
       410          0          0          0          0       9423   stm32f4xx_hal_cortex.o
      1858          8          8          0          0       8442   stm32f4xx_hal_dma.o
      1010          0          0          0          0       5058   stm32f4xx_hal_gpio.o
        88          0          0          0          0       3303   stm32f4xx_hal_msp.o
      2746          0          0          0          0       7551   stm32f4xx_hal_rcc.o
      3388         14          0          0          0      35945   stm32f4xx_hal_tim.o
       306          0          0          0          0      15287   stm32f4xx_hal_tim_ex.o
       192          0          0          0         72       6920   stm32f4xx_hal_timebase_tim.o
      2344          0          0          0          0      20167   stm32f4xx_hal_uart.o
       166          0          0          0          0       1630   stm32f4xx_it.o
        58          0          0          0          0        316   system.o
        18          0         24          4          0       2476   system_stm32f4xx.o
      3060          0          5          0        300      20334   tasks.o
       510          0          0          0        144       6241   tim.o
      1154          0          0          0        684       7778   usart.o

    ----------------------------------------------------------------------
     32188         88       1372         96      28768     256080   Object Totals
         0          0         32          0          0          0   (incl. Generated)
       168          0          2          5         22          0   (incl. Padding)

    ----------------------------------------------------------------------

      Code (inc. data)   RO Data    RW Data    ZI Data      Debug   Library Member Name

         0          0          0          0          0          0   entry.o
         0          0          0          0          0          0   entry10a.o
         0          0          0          0          0          0   entry11a.o
         8          4          0          0          0          0   entry2.o
         4          0          0          0          0          0   entry5.o
         0          0          0          0          0          0   entry7b.o
         0          0          0          0          0          0   entry8b.o
         8          4          0          0          0          0   entry9a.o
        30          0          0          0          0          0   handlers.o
        36          8          0          0          0         68   init.o
        30          0          0          0          0         68   llshl.o
        32          0          0          0          0         68   llushr.o
        36          0          0          0          0         68   memcpya.o
        36          0          0          0          0        108   memseta.o
        98          0          0          0          0         92   uldiv.o

    ----------------------------------------------------------------------
       320         16          0          0          0        472   Library Totals
         2          0          0          0          0          0   (incl. Padding)

    ----------------------------------------------------------------------

      Code (inc. data)   RO Data    RW Data    ZI Data      Debug   Library Name

       318         16          0          0          0        472   mc_w.l

    ----------------------------------------------------------------------
       320         16          0          0          0        472   Library Totals

    ----------------------------------------------------------------------

==============================================================================


      Code (inc. data)   RO Data    RW Data    ZI Data      Debug   

     32508        104       1372         96      28768     256024   Grand Totals
     32508        104       1372         96      28768     256024   ELF Image Totals
     32508        104       1372         96          0          0   ROM Totals

==============================================================================

    Total RO  Size (Code + RO Data)                33880 (  33.09kB)
    Total RW  Size (RW Data + ZI Data)             28864 (  28.19kB)
    Total ROM Size (Code + RO Data + RW Data)      33976 (  33.18kB)

==============================================================================

